Archive member included to satisfy reference by file (symbol)

c:/st/stm32cubeide_1.10.1/stm32cubeide/plugins/com.st.stm32cube.ide.mcu.externaltools.gnu-tools-for-stm32.10.3-2021.10.win32_1.0.0.202111181127/tools/bin/../lib/gcc/arm-none-eabi/10.3.1/../../../../arm-none-eabi/lib/thumb/v7e-m+fp/hard\libc_nano.a(lib_a-errno.o)
                              ./Core/Src/syscalls.o (__errno)
c:/st/stm32cubeide_1.10.1/stm32cubeide/plugins/com.st.stm32cube.ide.mcu.externaltools.gnu-tools-for-stm32.10.3-2021.10.win32_1.0.0.202111181127/tools/bin/../lib/gcc/arm-none-eabi/10.3.1/../../../../arm-none-eabi/lib/thumb/v7e-m+fp/hard\libc_nano.a(lib_a-exit.o)
                              c:/st/stm32cubeide_1.10.1/stm32cubeide/plugins/com.st.stm32cube.ide.mcu.externaltools.gnu-tools-for-stm32.10.3-2021.10.win32_1.0.0.202111181127/tools/bin/../lib/gcc/arm-none-eabi/10.3.1/../../../../arm-none-eabi/lib/thumb/v7e-m+fp/hard/crt0.o (exit)
c:/st/stm32cubeide_1.10.1/stm32cubeide/plugins/com.st.stm32cube.ide.mcu.externaltools.gnu-tools-for-stm32.10.3-2021.10.win32_1.0.0.202111181127/tools/bin/../lib/gcc/arm-none-eabi/10.3.1/../../../../arm-none-eabi/lib/thumb/v7e-m+fp/hard\libc_nano.a(lib_a-impure.o)
                              c:/st/stm32cubeide_1.10.1/stm32cubeide/plugins/com.st.stm32cube.ide.mcu.externaltools.gnu-tools-for-stm32.10.3-2021.10.win32_1.0.0.202111181127/tools/bin/../lib/gcc/arm-none-eabi/10.3.1/../../../../arm-none-eabi/lib/thumb/v7e-m+fp/hard\libc_nano.a(lib_a-exit.o) (_global_impure_ptr)
c:/st/stm32cubeide_1.10.1/stm32cubeide/plugins/com.st.stm32cube.ide.mcu.externaltools.gnu-tools-for-stm32.10.3-2021.10.win32_1.0.0.202111181127/tools/bin/../lib/gcc/arm-none-eabi/10.3.1/../../../../arm-none-eabi/lib/thumb/v7e-m+fp/hard\libc_nano.a(lib_a-init.o)
                              c:/st/stm32cubeide_1.10.1/stm32cubeide/plugins/com.st.stm32cube.ide.mcu.externaltools.gnu-tools-for-stm32.10.3-2021.10.win32_1.0.0.202111181127/tools/bin/../lib/gcc/arm-none-eabi/10.3.1/../../../../arm-none-eabi/lib/thumb/v7e-m+fp/hard/crt0.o (__libc_init_array)
c:/st/stm32cubeide_1.10.1/stm32cubeide/plugins/com.st.stm32cube.ide.mcu.externaltools.gnu-tools-for-stm32.10.3-2021.10.win32_1.0.0.202111181127/tools/bin/../lib/gcc/arm-none-eabi/10.3.1/../../../../arm-none-eabi/lib/thumb/v7e-m+fp/hard\libc_nano.a(lib_a-memset.o)
                              c:/st/stm32cubeide_1.10.1/stm32cubeide/plugins/com.st.stm32cube.ide.mcu.externaltools.gnu-tools-for-stm32.10.3-2021.10.win32_1.0.0.202111181127/tools/bin/../lib/gcc/arm-none-eabi/10.3.1/../../../../arm-none-eabi/lib/thumb/v7e-m+fp/hard/crt0.o (memset)
c:/st/stm32cubeide_1.10.1/stm32cubeide/plugins/com.st.stm32cube.ide.mcu.externaltools.gnu-tools-for-stm32.10.3-2021.10.win32_1.0.0.202111181127/tools/bin/../lib/gcc/arm-none-eabi/10.3.1/thumb/v7e-m+fp/hard\libgcc.a(_aeabi_uldivmod.o)
                              ./Drivers/STM32F4xx_HAL_Driver/Src/stm32f4xx_hal_rcc.o (__aeabi_uldivmod)
c:/st/stm32cubeide_1.10.1/stm32cubeide/plugins/com.st.stm32cube.ide.mcu.externaltools.gnu-tools-for-stm32.10.3-2021.10.win32_1.0.0.202111181127/tools/bin/../lib/gcc/arm-none-eabi/10.3.1/thumb/v7e-m+fp/hard\libgcc.a(_udivmoddi4.o)
                              c:/st/stm32cubeide_1.10.1/stm32cubeide/plugins/com.st.stm32cube.ide.mcu.externaltools.gnu-tools-for-stm32.10.3-2021.10.win32_1.0.0.202111181127/tools/bin/../lib/gcc/arm-none-eabi/10.3.1/thumb/v7e-m+fp/hard\libgcc.a(_aeabi_uldivmod.o) (__udivmoddi4)
c:/st/stm32cubeide_1.10.1/stm32cubeide/plugins/com.st.stm32cube.ide.mcu.externaltools.gnu-tools-for-stm32.10.3-2021.10.win32_1.0.0.202111181127/tools/bin/../lib/gcc/arm-none-eabi/10.3.1/thumb/v7e-m+fp/hard\libgcc.a(_dvmd_tls.o)
                              c:/st/stm32cubeide_1.10.1/stm32cubeide/plugins/com.st.stm32cube.ide.mcu.externaltools.gnu-tools-for-stm32.10.3-2021.10.win32_1.0.0.202111181127/tools/bin/../lib/gcc/arm-none-eabi/10.3.1/thumb/v7e-m+fp/hard\libgcc.a(_aeabi_uldivmod.o) (__aeabi_ldiv0)

Discarded input sections

 .text          0x0000000000000000        0x0 c:/st/stm32cubeide_1.10.1/stm32cubeide/plugins/com.st.stm32cube.ide.mcu.externaltools.gnu-tools-for-stm32.10.3-2021.10.win32_1.0.0.202111181127/tools/bin/../lib/gcc/arm-none-eabi/10.3.1/thumb/v7e-m+fp/hard/crti.o
 .data          0x0000000000000000        0x0 c:/st/stm32cubeide_1.10.1/stm32cubeide/plugins/com.st.stm32cube.ide.mcu.externaltools.gnu-tools-for-stm32.10.3-2021.10.win32_1.0.0.202111181127/tools/bin/../lib/gcc/arm-none-eabi/10.3.1/thumb/v7e-m+fp/hard/crti.o
 .bss           0x0000000000000000        0x0 c:/st/stm32cubeide_1.10.1/stm32cubeide/plugins/com.st.stm32cube.ide.mcu.externaltools.gnu-tools-for-stm32.10.3-2021.10.win32_1.0.0.202111181127/tools/bin/../lib/gcc/arm-none-eabi/10.3.1/thumb/v7e-m+fp/hard/crti.o
[...]
Memory Configuration

Name             Origin             Length             Attributes
RAM              0x0000000020000000 0x0000000000010000 xrw
FLASH            0x0000000008000000 0x0000000000040000 xr
*default*        0x0000000000000000 0xffffffffffffffff

Linker script and memory map

LOAD c:/st/stm32cubeide_1.10.1/stm32cubeide/plugins/com.st.stm32cube.ide.mcu.externaltools.gnu-tools-for-stm32.10.3-2021.10.win32_1.0.0.202111181127/tools/bin/../lib/gcc/arm-none-eabi/10.3.1/thumb/v7e-m+fp/hard/crti.o
LOAD c:/st/stm32cubeide_1.10.1/stm32cubeide/plugins/com.st.stm32cube.ide.mcu.externaltools.gnu-tools-for-stm32.10.3-2021.10.win32_1.0.0.202111181127/tools/bin/../lib/gcc/arm-none-eabi/10.3.1/thumb/v7e-m+fp/hard/crtbegin.o
LOAD c:/st/stm32cubeide_1.10.1/stm32cubeide/plugins/com.st.stm32cube.ide.mcu.externaltools.gnu-tools-for-stm32.10.3-2021.10.win32_1.0.0.202111181127/tools/bin/../lib/gcc/arm-none-eabi/10.3.1/../../../../arm-none-eabi/lib/thumb/v7e-m+fp/hard/crt0.o
LOAD ./Core/Src/main.o
LOAD ./Core/Src/stm32f4xx_hal_msp.o
LOAD ./Core/Src/stm32f4xx_it.o
LOAD ./Core/Src/syscalls.o
LOAD ./Core/Src/sysmem.o
LOAD ./Core/Src/system_stm32f4xx.o
LOAD ./Core/Startup/startup_stm32f401ccux.o
LOAD ./Drivers/STM32F4xx_HAL_Driver/Src/stm32f4xx_hal.o
LOAD ./Drivers/STM32F4xx_HAL_Driver/Src/stm32f4xx_hal_cortex.o
LOAD ./Drivers/STM32F4xx_HAL_Driver/Src/stm32f4xx_hal_dma.o
LOAD ./Drivers/STM32F4xx_HAL_Driver/Src/stm32f4xx_hal_dma_ex.o
LOAD ./Drivers/STM32F4xx_HAL_Driver/Src/stm32f4xx_hal_exti.o
LOAD ./Drivers/STM32F4xx_HAL_Driver/Src/stm32f4xx_hal_flash.o
LOAD ./Drivers/STM32F4xx_HAL_Driver/Src/stm32f4xx_hal_flash_ex.o
LOAD ./Drivers/STM32F4xx_HAL_Driver/Src/stm32f4xx_hal_flash_ramfunc.o
LOAD ./Drivers/STM32F4xx_HAL_Driver/Src/stm32f4xx_hal_gpio.o
LOAD ./Drivers/STM32F4xx_HAL_Driver/Src/stm32f4xx_hal_i2c.o
LOAD ./Drivers/STM32F4xx_HAL_Driver/Src/stm32f4xx_hal_i2c_ex.o
LOAD ./Drivers/STM32F4xx_HAL_Driver/Src/stm32f4xx_hal_pcd.o
LOAD ./Drivers/STM32F4xx_HAL_Driver/Src/stm32f4xx_hal_pcd_ex.o
LOAD ./Drivers/STM32F4xx_HAL_Driver/Src/stm32f4xx_hal_pwr.o
LOAD ./Drivers/STM32F4xx_HAL_Driver/Src/stm32f4xx_hal_pwr_ex.o
LOAD ./Drivers/STM32F4xx_HAL_Driver/Src/stm32f4xx_hal_rcc.o
LOAD ./Drivers/STM32F4xx_HAL_Driver/Src/stm32f4xx_hal_rcc_ex.o
LOAD ./Drivers/STM32F4xx_HAL_Driver/Src/stm32f4xx_hal_rtc.o
LOAD ./Drivers/STM32F4xx_HAL_Driver/Src/stm32f4xx_hal_rtc_ex.o
LOAD ./Drivers/STM32F4xx_HAL_Driver/Src/stm32f4xx_hal_tim.o
LOAD ./Drivers/STM32F4xx_HAL_Driver/Src/stm32f4xx_hal_tim_ex.o
LOAD ./Drivers/STM32F4xx_HAL_Driver/Src/stm32f4xx_ll_usb.o
LOAD ./Drivers/mpu6500/Src/mpu6500.o
LOAD ./Middlewares/ST/STM32_USB_Device_Library/Class/CDC/Src/usbd_cdc.o
LOAD ./Middlewares/ST/STM32_USB_Device_Library/Core/Src/usbd_core.o
LOAD ./Middlewares/ST/STM32_USB_Device_Library/Core/Src/usbd_ctlreq.o
LOAD ./Middlewares/ST/STM32_USB_Device_Library/Core/Src/usbd_ioreq.o
LOAD ./USB_DEVICE/App/usb_device.o
LOAD ./USB_DEVICE/App/usbd_cdc_if.o
LOAD ./USB_DEVICE/App/usbd_desc.o
LOAD ./USB_DEVICE/Target/usbd_conf.o
START GROUP
LOAD c:/st/stm32cubeide_1.10.1/stm32cubeide/plugins/com.st.stm32cube.ide.mcu.externaltools.gnu-tools-for-stm32.10.3-2021.10.win32_1.0.0.202111181127/tools/bin/../lib/gcc/arm-none-eabi/10.3.1/../../../../arm-none-eabi/lib/thumb/v7e-m+fp/hard\libc_nano.a
LOAD c:/st/stm32cubeide_1.10.1/stm32cubeide/plugins/com.st.stm32cube.ide.mcu.externaltools.gnu-tools-for-stm32.10.3-2021.10.win32_1.0.0.202111181127/tools/bin/../lib/gcc/arm-none-eabi/10.3.1/../../../../arm-none-eabi/lib/thumb/v7e-m+fp/hard\libm.a
END GROUP
START GROUP
LOAD c:/st/stm32cubeide_1.10.1/stm32cubeide/plugins/com.st.stm32cube.ide.mcu.externaltools.gnu-tools-for-stm32.10.3-2021.10.win32_1.0.0.202111181127/tools/bin/../lib/gcc/arm-none-eabi/10.3.1/thumb/v7e-m+fp/hard\libgcc.a
LOAD c:/st/stm32cubeide_1.10.1/stm32cubeide/plugins/com.st.stm32cube.ide.mcu.externaltools.gnu-tools-for-stm32.10.3-2021.10.win32_1.0.0.202111181127/tools/bin/../lib/gcc/arm-none-eabi/10.3.1/../../../../arm-none-eabi/lib/thumb/v7e-m+fp/hard\libc_nano.a
END GROUP
START GROUP
LOAD c:/st/stm32cubeide_1.10.1/stm32cubeide/plugins/com.st.stm32cube.ide.mcu.externaltools.gnu-tools-for-stm32.10.3-2021.10.win32_1.0.0.202111181127/tools/bin/../lib/gcc/arm-none-eabi/10.3.1/thumb/v7e-m+fp/hard\libgcc.a
LOAD c:/st/stm32cubeide_1.10.1/stm32cubeide/plugins/com.st.stm32cube.ide.mcu.externaltools.gnu-tools-for-stm32.10.3-2021.10.win32_1.0.0.202111181127/tools/bin/../lib/gcc/arm-none-eabi/10.3.1/../../../../arm-none-eabi/lib/thumb/v7e-m+fp/hard\libc_nano.a
LOAD c:/st/stm32cubeide_1.10.1/stm32cubeide/plugins/com.st.stm32cube.ide.mcu.externaltools.gnu-tools-for-stm32.10.3-2021.10.win32_1.0.0.202111181127/tools/bin/../lib/gcc/arm-none-eabi/10.3.1/../../../../arm-none-eabi/lib/thumb/v7e-m+fp/hard\libnosys.a
END GROUP
START GROUP
LOAD c:/st/stm32cubeide_1.10.1/stm32cubeide/plugins/com.st.stm32cube.ide.mcu.externaltools.gnu-tools-for-stm32.10.3-2021.10.win32_1.0.0.202111181127/tools/bin/../lib/gcc/arm-none-eabi/10.3.1/thumb/v7e-m+fp/hard\libgcc.a
LOAD c:/st/stm32cubeide_1.10.1/stm32cubeide/plugins/com.st.stm32cube.ide.mcu.externaltools.gnu-tools-for-stm32.10.3-2021.10.win32_1.0.0.202111181127/tools/bin/../lib/gcc/arm-none-eabi/10.3.1/../../../../arm-none-eabi/lib/thumb/v7e-m+fp/hard\libc_nano.a
LOAD c:/st/stm32cubeide_1.10.1/stm32cubeide/plugins/com.st.stm32cube.ide.mcu.externaltools.gnu-tools-for-stm32.10.3-2021.10.win32_1.0.0.202111181127/tools/bin/../lib/gcc/arm-none-eabi/10.3.1/../../../../arm-none-eabi/lib/thumb/v7e-m+fp/hard\libnosys.a
END GROUP
LOAD c:/st/stm32cubeide_1.10.1/stm32cubeide/plugins/com.st.stm32cube.ide.mcu.externaltools.gnu-tools-for-stm32.10.3-2021.10.win32_1.0.0.202111181127/tools/bin/../lib/gcc/arm-none-eabi/10.3.1/thumb/v7e-m+fp/hard/crtend.o
LOAD c:/st/stm32cubeide_1.10.1/stm32cubeide/plugins/com.st.stm32cube.ide.mcu.externaltools.gnu-tools-for-stm32.10.3-2021.10.win32_1.0.0.202111181127/tools/bin/../lib/gcc/arm-none-eabi/10.3.1/thumb/v7e-m+fp/hard/crtn.o
                0x0000000020010000                _estack = (ORIGIN (RAM) + LENGTH (RAM))
                0x0000000000000200                _Min_Heap_Size = 0x200
                0x0000000000000400                _Min_Stack_Size = 0x400

.isr_vector     0x0000000008000000      0x194
                0x0000000008000000                . = ALIGN (0x4)
 *(.isr_vector)
 .isr_vector    0x0000000008000000      0x194 ./Core/Startup/startup_stm32f401ccux.o
                0x0000000008000000                g_pfnVectors
                0x0000000008000194                . = ALIGN (0x4)

.text           0x0000000008000194     0x9be0
                0x0000000008000194                . = ALIGN (0x4)
 *(.text)
 .text          0x0000000008000194       0x40 c:/st/stm32cubeide_1.10.1/stm32cubeide/plugins/com.st.stm32cube.ide.mcu.externaltools.gnu-tools-for-stm32.10.3-2021.10.win32_1.0.0.202111181127/tools/bin/../lib/gcc/arm-none-eabi/10.3.1/thumb/v7e-m+fp/hard/crtbegin.o
 .text          0x00000000080001d4       0x30 c:/st/stm32cubeide_1.10.1/stm32cubeide/plugins/com.st.stm32cube.ide.mcu.externaltools.gnu-tools-for-stm32.10.3-2021.10.win32_1.0.0.202111181127/tools/bin/../lib/gcc/arm-none-eabi/10.3.1/thumb/v7e-m+fp/hard\libgcc.a(_aeabi_uldivmod.o)
                0x00000000080001d4                __aeabi_uldivmod
 .text          0x0000000008000204      0x2d0 c:/st/stm32cubeide_1.10.1/stm32cubeide/plugins/com.st.stm32cube.ide.mcu.externaltools.gnu-tools-for-stm32.10.3-2021.10.win32_1.0.0.202111181127/tools/bin/../lib/gcc/arm-none-eabi/10.3.1/thumb/v7e-m+fp/hard\libgcc.a(_udivmoddi4.o)
                0x0000000008000204                __udivmoddi4
 .text          0x00000000080004d4        0x4 c:/st/stm32cubeide_1.10.1/stm32cubeide/plugins/com.st.stm32cube.ide.mcu.externaltools.gnu-tools-for-stm32.10.3-2021.10.win32_1.0.0.202111181127/tools/bin/../lib/gcc/arm-none-eabi/10.3.1/thumb/v7e-m+fp/hard\libgcc.a(_dvmd_tls.o)
                0x00000000080004d4                __aeabi_idiv0
                0x00000000080004d4                __aeabi_ldiv0
 *(.text*)
 .text.main     0x00000000080004d8      0x11c ./Core/Src/main.o
                0x00000000080004d8                main
 .text.SystemClock_Config
                0x00000000080005f4       0xdc ./Core/Src/main.o
                0x00000000080005f4                SystemClock_Config
 .text.MX_I2C1_Init
                0x00000000080006d0       0x5c ./Core/Src/main.o
 .text.MX_RTC_Init
                0x000000000800072c       0x4c ./Core/Src/main.o
 .text.MX_GPIO_Init
                0x0000000008000778       0x88 ./Core/Src/main.o
 .text.Error_Handler
                0x0000000008000800        0xa ./Core/Src/main.o
                0x0000000008000800                Error_Handler
 *fill*         0x000000000800080a        0x2 
 .text.HAL_MspInit
                0x000000000800080c       0x50 ./Core/Src/stm32f4xx_hal_msp.o
                0x000000000800080c                HAL_MspInit
 .text.HAL_I2C_MspInit
                0x000000000800085c       0xbc ./Core/Src/stm32f4xx_hal_msp.o
                0x000000000800085c                HAL_I2C_MspInit
 .text.HAL_RTC_MspInit
                0x0000000008000918       0x58 ./Core/Src/stm32f4xx_hal_msp.o
                0x0000000008000918                HAL_RTC_MspInit
 .text.NMI_Handler
                0x0000000008000970        0x6 ./Core/Src/stm32f4xx_it.o
                0x0000000008000970                NMI_Handler
 .text.HardFault_Handler
                0x0000000008000976        0x6 ./Core/Src/stm32f4xx_it.o
                0x0000000008000976                HardFault_Handler
 .text.MemManage_Handler
                0x000000000800097c        0x6 ./Core/Src/stm32f4xx_it.o
                0x000000000800097c                MemManage_Handler
 .text.BusFault_Handler
                0x0000000008000982        0x6 ./Core/Src/stm32f4xx_it.o
                0x0000000008000982                BusFault_Handler
 .text.UsageFault_Handler
                0x0000000008000988        0x6 ./Core/Src/stm32f4xx_it.o
                0x0000000008000988                UsageFault_Handler
 .text.SVC_Handler
                0x000000000800098e        0xe ./Core/Src/stm32f4xx_it.o
                0x000000000800098e                SVC_Handler
 .text.DebugMon_Handler
                0x000000000800099c        0xe ./Core/Src/stm32f4xx_it.o
                0x000000000800099c                DebugMon_Handler
 .text.PendSV_Handler
                0x00000000080009aa        0xe ./Core/Src/stm32f4xx_it.o
                0x00000000080009aa                PendSV_Handler
 .text.SysTick_Handler
                0x00000000080009b8        0xc ./Core/Src/stm32f4xx_it.o
                0x00000000080009b8                SysTick_Handler
 .text.I2C1_EV_IRQHandler
                0x00000000080009c4       0x14 ./Core/Src/stm32f4xx_it.o
                0x00000000080009c4                I2C1_EV_IRQHandler
 .text.I2C1_ER_IRQHandler
                0x00000000080009d8       0x14 ./Core/Src/stm32f4xx_it.o
                0x00000000080009d8                I2C1_ER_IRQHandler
 .text.OTG_FS_IRQHandler
                0x00000000080009ec       0x14 ./Core/Src/stm32f4xx_it.o
                0x00000000080009ec                OTG_FS_IRQHandler
 .text.SystemInit
                0x0000000008000a00       0x24 ./Core/Src/system_stm32f4xx.o
                0x0000000008000a00                SystemInit
 .text.Reset_Handler
                0x0000000008000a24       0x50 ./Core/Startup/startup_stm32f401ccux.o
                0x0000000008000a24                Reset_Handler
 .text.Default_Handler
                0x0000000008000a74        0x2 ./Core/Startup/startup_stm32f401ccux.o
                0x0000000008000a74                RTC_Alarm_IRQHandler
                0x0000000008000a74                EXTI2_IRQHandler
                0x0000000008000a74                SPI4_IRQHandler
                0x0000000008000a74                TIM1_CC_IRQHandler
                0x0000000008000a74                DMA2_Stream5_IRQHandler
                0x0000000008000a74                DMA1_Stream5_IRQHandler
                0x0000000008000a74                PVD_IRQHandler
                0x0000000008000a74                SDIO_IRQHandler
                0x0000000008000a74                TAMP_STAMP_IRQHandler
                0x0000000008000a74                EXTI3_IRQHandler
                0x0000000008000a74                TIM1_UP_TIM10_IRQHandler
                0x0000000008000a74                I2C3_ER_IRQHandler
                0x0000000008000a74                EXTI0_IRQHandler
                0x0000000008000a74                I2C2_EV_IRQHandler
                0x0000000008000a74                DMA1_Stream2_IRQHandler
                0x0000000008000a74                FPU_IRQHandler
                0x0000000008000a74                DMA2_Stream2_IRQHandler
                0x0000000008000a74                SPI1_IRQHandler
                0x0000000008000a74                TIM1_BRK_TIM9_IRQHandler
                0x0000000008000a74                DMA2_Stream3_IRQHandler
                0x0000000008000a74                USART6_IRQHandler
                0x0000000008000a74                DMA2_Stream0_IRQHandler
                0x0000000008000a74                TIM4_IRQHandler
                0x0000000008000a74                DMA1_Stream6_IRQHandler
                0x0000000008000a74                DMA1_Stream1_IRQHandler
                0x0000000008000a74                TIM3_IRQHandler
                0x0000000008000a74                RCC_IRQHandler
                0x0000000008000a74                Default_Handler
                0x0000000008000a74                EXTI15_10_IRQHandler
                0x0000000008000a74                ADC_IRQHandler
                0x0000000008000a74                DMA1_Stream7_IRQHandler
                0x0000000008000a74                TIM5_IRQHandler
                0x0000000008000a74                DMA2_Stream7_IRQHandler
                0x0000000008000a74                I2C3_EV_IRQHandler
                0x0000000008000a74                EXTI9_5_IRQHandler
                0x0000000008000a74                RTC_WKUP_IRQHandler
                0x0000000008000a74                SPI2_IRQHandler
                0x0000000008000a74                DMA1_Stream0_IRQHandler
                0x0000000008000a74                EXTI4_IRQHandler
                0x0000000008000a74                WWDG_IRQHandler
                0x0000000008000a74                TIM2_IRQHandler
                0x0000000008000a74                OTG_FS_WKUP_IRQHandler
                0x0000000008000a74                TIM1_TRG_COM_TIM11_IRQHandler
                0x0000000008000a74                EXTI1_IRQHandler
                0x0000000008000a74                USART2_IRQHandler
                0x0000000008000a74                I2C2_ER_IRQHandler
                0x0000000008000a74                DMA2_Stream1_IRQHandler
                0x0000000008000a74                FLASH_IRQHandler
                0x0000000008000a74                DMA2_Stream4_IRQHandler
                0x0000000008000a74                USART1_IRQHandler
                0x0000000008000a74                SPI3_IRQHandler
                0x0000000008000a74                DMA1_Stream4_IRQHandler
                0x0000000008000a74                DMA2_Stream6_IRQHandler
                0x0000000008000a74                DMA1_Stream3_IRQHandler
 *fill*         0x0000000008000a76        0x2 
 .text.HAL_Init
                0x0000000008000a78       0x44 ./Drivers/STM32F4xx_HAL_Driver/Src/stm32f4xx_hal.o
                0x0000000008000a78                HAL_Init
 .text.HAL_InitTick
                0x0000000008000abc       0x60 ./Drivers/STM32F4xx_HAL_Driver/Src/stm32f4xx_hal.o
                0x0000000008000abc                HAL_InitTick
 .text.HAL_IncTick
                0x0000000008000b1c       0x28 ./Drivers/STM32F4xx_HAL_Driver/Src/stm32f4xx_hal.o
                0x0000000008000b1c                HAL_IncTick
 .text.HAL_GetTick
                0x0000000008000b44       0x18 ./Drivers/STM32F4xx_HAL_Driver/Src/stm32f4xx_hal.o
                0x0000000008000b44                HAL_GetTick
 .text.HAL_Delay
                0x0000000008000b5c       0x48 ./Drivers/STM32F4xx_HAL_Driver/Src/stm32f4xx_hal.o
                0x0000000008000b5c                HAL_Delay
 .text.__NVIC_SetPriorityGrouping
                0x0000000008000ba4       0x48 ./Drivers/STM32F4xx_HAL_Driver/Src/stm32f4xx_hal_cortex.o
 .text.__NVIC_GetPriorityGrouping
                0x0000000008000bec       0x1c ./Drivers/STM32F4xx_HAL_Driver/Src/stm32f4xx_hal_cortex.o
 .text.__NVIC_EnableIRQ
                0x0000000008000c08       0x3c ./Drivers/STM32F4xx_HAL_Driver/Src/stm32f4xx_hal_cortex.o
 .text.__NVIC_SetPriority
                0x0000000008000c44       0x54 ./Drivers/STM32F4xx_HAL_Driver/Src/stm32f4xx_hal_cortex.o
 .text.NVIC_EncodePriority
                0x0000000008000c98       0x66 ./Drivers/STM32F4xx_HAL_Driver/Src/stm32f4xx_hal_cortex.o
 *fill*         0x0000000008000cfe        0x2 
 .text.SysTick_Config
                0x0000000008000d00       0x44 ./Drivers/STM32F4xx_HAL_Driver/Src/stm32f4xx_hal_cortex.o
 .text.HAL_NVIC_SetPriorityGrouping
                0x0000000008000d44       0x16 ./Drivers/STM32F4xx_HAL_Driver/Src/stm32f4xx_hal_cortex.o
                0x0000000008000d44                HAL_NVIC_SetPriorityGrouping
 .text.HAL_NVIC_SetPriority
                0x0000000008000d5a       0x38 ./Drivers/STM32F4xx_HAL_Driver/Src/stm32f4xx_hal_cortex.o
                0x0000000008000d5a                HAL_NVIC_SetPriority
 .text.HAL_NVIC_EnableIRQ
                0x0000000008000d92       0x1c ./Drivers/STM32F4xx_HAL_Driver/Src/stm32f4xx_hal_cortex.o
                0x0000000008000d92                HAL_NVIC_EnableIRQ
 .text.HAL_SYSTICK_Config
                0x0000000008000dae       0x18 ./Drivers/STM32F4xx_HAL_Driver/Src/stm32f4xx_hal_cortex.o
                0x0000000008000dae                HAL_SYSTICK_Config
 .text.HAL_DMA_Abort_IT
                0x0000000008000dc6       0x44 ./Drivers/STM32F4xx_HAL_Driver/Src/stm32f4xx_hal_dma.o
                0x0000000008000dc6                HAL_DMA_Abort_IT
 .text.HAL_DMA_GetState
                0x0000000008000e0a       0x1c ./Drivers/STM32F4xx_HAL_Driver/Src/stm32f4xx_hal_dma.o
                0x0000000008000e0a                HAL_DMA_GetState
 *fill*         0x0000000008000e26        0x2 
 .text.HAL_GPIO_Init
                0x0000000008000e28      0x308 ./Drivers/STM32F4xx_HAL_Driver/Src/stm32f4xx_hal_gpio.o
                0x0000000008000e28                HAL_GPIO_Init
 .text.HAL_I2C_Init
                0x0000000008001130      0x288 ./Drivers/STM32F4xx_HAL_Driver/Src/stm32f4xx_hal_i2c.o
                0x0000000008001130                HAL_I2C_Init
 .text.I2C_Flush_DR
                0x00000000080013b8       0x2a ./Drivers/STM32F4xx_HAL_Driver/Src/stm32f4xx_hal_i2c.o
 *fill*         0x00000000080013e2        0x2 
 .text.HAL_I2C_Mem_Write
                0x00000000080013e4      0x1f4 ./Drivers/STM32F4xx_HAL_Driver/Src/stm32f4xx_hal_i2c.o
                0x00000000080013e4                HAL_I2C_Mem_Write
 .text.HAL_I2C_Mem_Read
                0x00000000080015d8      0x464 ./Drivers/STM32F4xx_HAL_Driver/Src/stm32f4xx_hal_i2c.o
                0x00000000080015d8                HAL_I2C_Mem_Read
 .text.HAL_I2C_EV_IRQHandler
                0x0000000008001a3c      0x2e2 ./Drivers/STM32F4xx_HAL_Driver/Src/stm32f4xx_hal_i2c.o
                0x0000000008001a3c                HAL_I2C_EV_IRQHandler
 .text.HAL_I2C_ER_IRQHandler
                0x0000000008001d1e      0x14e ./Drivers/STM32F4xx_HAL_Driver/Src/stm32f4xx_hal_i2c.o
                0x0000000008001d1e                HAL_I2C_ER_IRQHandler
 .text.HAL_I2C_MasterTxCpltCallback
                0x0000000008001e6c       0x14 ./Drivers/STM32F4xx_HAL_Driver/Src/stm32f4xx_hal_i2c.o
                0x0000000008001e6c                HAL_I2C_MasterTxCpltCallback
 .text.HAL_I2C_MasterRxCpltCallback
                0x0000000008001e80       0x14 ./Drivers/STM32F4xx_HAL_Driver/Src/stm32f4xx_hal_i2c.o
                0x0000000008001e80                HAL_I2C_MasterRxCpltCallback
 .text.HAL_I2C_SlaveTxCpltCallback
                0x0000000008001e94       0x14 ./Drivers/STM32F4xx_HAL_Driver/Src/stm32f4xx_hal_i2c.o
                0x0000000008001e94                HAL_I2C_SlaveTxCpltCallback
 .text.HAL_I2C_SlaveRxCpltCallback
                0x0000000008001ea8       0x14 ./Drivers/STM32F4xx_HAL_Driver/Src/stm32f4xx_hal_i2c.o
                0x0000000008001ea8                HAL_I2C_SlaveRxCpltCallback
 .text.HAL_I2C_AddrCallback
                0x0000000008001ebc       0x1c ./Drivers/STM32F4xx_HAL_Driver/Src/stm32f4xx_hal_i2c.o
                0x0000000008001ebc                HAL_I2C_AddrCallback
 .text.HAL_I2C_ListenCpltCallback
                0x0000000008001ed8       0x14 ./Drivers/STM32F4xx_HAL_Driver/Src/stm32f4xx_hal_i2c.o
                0x0000000008001ed8                HAL_I2C_ListenCpltCallback
 .text.HAL_I2C_MemTxCpltCallback
                0x0000000008001eec       0x14 ./Drivers/STM32F4xx_HAL_Driver/Src/stm32f4xx_hal_i2c.o
                0x0000000008001eec                HAL_I2C_MemTxCpltCallback
 .text.HAL_I2C_MemRxCpltCallback
                0x0000000008001f00       0x14 ./Drivers/STM32F4xx_HAL_Driver/Src/stm32f4xx_hal_i2c.o
                0x0000000008001f00                HAL_I2C_MemRxCpltCallback
 .text.HAL_I2C_ErrorCallback
                0x0000000008001f14       0x14 ./Drivers/STM32F4xx_HAL_Driver/Src/stm32f4xx_hal_i2c.o
                0x0000000008001f14                HAL_I2C_ErrorCallback
 .text.HAL_I2C_AbortCpltCallback
                0x0000000008001f28       0x14 ./Drivers/STM32F4xx_HAL_Driver/Src/stm32f4xx_hal_i2c.o
                0x0000000008001f28                HAL_I2C_AbortCpltCallback
 .text.I2C_MasterTransmit_TXE
                0x0000000008001f3c      0x138 ./Drivers/STM32F4xx_HAL_Driver/Src/stm32f4xx_hal_i2c.o
 .text.I2C_MasterTransmit_BTF
                0x0000000008002074       0xec ./Drivers/STM32F4xx_HAL_Driver/Src/stm32f4xx_hal_i2c.o
 .text.I2C_MemoryTransmit_TXE_BTF
                0x0000000008002160      0x130 ./Drivers/STM32F4xx_HAL_Driver/Src/stm32f4xx_hal_i2c.o
 .text.I2C_MasterReceive_RXNE
                0x0000000008002290      0x190 ./Drivers/STM32F4xx_HAL_Driver/Src/stm32f4xx_hal_i2c.o
 .text.I2C_MasterReceive_BTF
                0x0000000008002420      0x1ea ./Drivers/STM32F4xx_HAL_Driver/Src/stm32f4xx_hal_i2c.o
 .text.I2C_Master_SB
                0x000000000800260a      0x10c ./Drivers/STM32F4xx_HAL_Driver/Src/stm32f4xx_hal_i2c.o
 .text.I2C_Master_ADD10
                0x0000000008002716       0x54 ./Drivers/STM32F4xx_HAL_Driver/Src/stm32f4xx_hal_i2c.o
 .text.I2C_Master_ADDR
                0x000000000800276a      0x322 ./Drivers/STM32F4xx_HAL_Driver/Src/stm32f4xx_hal_i2c.o
 .text.I2C_SlaveTransmit_TXE
                0x0000000008002a8c       0x7a ./Drivers/STM32F4xx_HAL_Driver/Src/stm32f4xx_hal_i2c.o
 .text.I2C_SlaveTransmit_BTF
                0x0000000008002b06       0x42 ./Drivers/STM32F4xx_HAL_Driver/Src/stm32f4xx_hal_i2c.o
 .text.I2C_SlaveReceive_RXNE
                0x0000000008002b48       0x7c ./Drivers/STM32F4xx_HAL_Driver/Src/stm32f4xx_hal_i2c.o
 .text.I2C_SlaveReceive_BTF
                0x0000000008002bc4       0x44 ./Drivers/STM32F4xx_HAL_Driver/Src/stm32f4xx_hal_i2c.o
 .text.I2C_Slave_ADDR
                0x0000000008002c08       0x94 ./Drivers/STM32F4xx_HAL_Driver/Src/stm32f4xx_hal_i2c.o
 .text.I2C_Slave_STOPF
                0x0000000008002c9c      0x260 ./Drivers/STM32F4xx_HAL_Driver/Src/stm32f4xx_hal_i2c.o
 .text.I2C_Slave_AF
                0x0000000008002efc       0xe8 ./Drivers/STM32F4xx_HAL_Driver/Src/stm32f4xx_hal_i2c.o
 .text.I2C_ITError
                0x0000000008002fe4      0x264 ./Drivers/STM32F4xx_HAL_Driver/Src/stm32f4xx_hal_i2c.o
 .text.I2C_RequestMemoryWrite
                0x0000000008003248      0x12c ./Drivers/STM32F4xx_HAL_Driver/Src/stm32f4xx_hal_i2c.o
 .text.I2C_RequestMemoryRead
                0x0000000008003374      0x1d0 ./Drivers/STM32F4xx_HAL_Driver/Src/stm32f4xx_hal_i2c.o
 .text.I2C_DMAAbort
                0x0000000008003544      0x150 ./Drivers/STM32F4xx_HAL_Driver/Src/stm32f4xx_hal_i2c.o
 .text.I2C_WaitOnFlagUntilTimeout
                0x0000000008003694       0xf4 ./Drivers/STM32F4xx_HAL_Driver/Src/stm32f4xx_hal_i2c.o
 .text.I2C_WaitOnMasterAddressFlagUntilTimeout
                0x0000000008003788      0x140 ./Drivers/STM32F4xx_HAL_Driver/Src/stm32f4xx_hal_i2c.o
 .text.I2C_WaitOnTXEFlagUntilTimeout
                0x00000000080038c8       0x90 ./Drivers/STM32F4xx_HAL_Driver/Src/stm32f4xx_hal_i2c.o
 .text.I2C_WaitOnBTFFlagUntilTimeout
                0x0000000008003958       0x90 ./Drivers/STM32F4xx_HAL_Driver/Src/stm32f4xx_hal_i2c.o
 .text.I2C_WaitOnSTOPRequestThroughIT
                0x00000000080039e8       0x64 ./Drivers/STM32F4xx_HAL_Driver/Src/stm32f4xx_hal_i2c.o
 .text.I2C_WaitOnRXNEFlagUntilTimeout
                0x0000000008003a4c       0xba ./Drivers/STM32F4xx_HAL_Driver/Src/stm32f4xx_hal_i2c.o
 .text.I2C_IsAcknowledgeFailed
                0x0000000008003b06       0x5e ./Drivers/STM32F4xx_HAL_Driver/Src/stm32f4xx_hal_i2c.o
 .text.I2C_ConvertOtherXferOptions
                0x0000000008003b64       0x36 ./Drivers/STM32F4xx_HAL_Driver/Src/stm32f4xx_hal_i2c.o
 .text.HAL_PCD_Init
                0x0000000008003b9a      0x21e ./Drivers/STM32F4xx_HAL_Driver/Src/stm32f4xx_hal_pcd.o
                0x0000000008003b9a                HAL_PCD_Init
 .text.HAL_PCD_Start
                0x0000000008003db8       0x6a ./Drivers/STM32F4xx_HAL_Driver/Src/stm32f4xx_hal_pcd.o
                0x0000000008003db8                HAL_PCD_Start
 .text.HAL_PCD_IRQHandler
                0x0000000008003e22      0x942 ./Drivers/STM32F4xx_HAL_Driver/Src/stm32f4xx_hal_pcd.o
                0x0000000008003e22                HAL_PCD_IRQHandler
 .text.HAL_PCD_SetAddress
                0x0000000008004764       0x48 ./Drivers/STM32F4xx_HAL_Driver/Src/stm32f4xx_hal_pcd.o
                0x0000000008004764                HAL_PCD_SetAddress
 .text.HAL_PCD_EP_Open
                0x00000000080047ac       0xd0 ./Drivers/STM32F4xx_HAL_Driver/Src/stm32f4xx_hal_pcd.o
                0x00000000080047ac                HAL_PCD_EP_Open
 .text.HAL_PCD_EP_Close
                0x000000000800487c       0x94 ./Drivers/STM32F4xx_HAL_Driver/Src/stm32f4xx_hal_pcd.o
                0x000000000800487c                HAL_PCD_EP_Close
 .text.HAL_PCD_EP_Receive
                0x0000000008004910       0x76 ./Drivers/STM32F4xx_HAL_Driver/Src/stm32f4xx_hal_pcd.o
                0x0000000008004910                HAL_PCD_EP_Receive
 .text.HAL_PCD_EP_GetRxCount
                0x0000000008004986       0x30 ./Drivers/STM32F4xx_HAL_Driver/Src/stm32f4xx_hal_pcd.o
                0x0000000008004986                HAL_PCD_EP_GetRxCount
 .text.HAL_PCD_EP_Transmit
                0x00000000080049b6       0x74 ./Drivers/STM32F4xx_HAL_Driver/Src/stm32f4xx_hal_pcd.o
                0x00000000080049b6                HAL_PCD_EP_Transmit
 .text.HAL_PCD_EP_SetStall
                0x0000000008004a2a       0xc6 ./Drivers/STM32F4xx_HAL_Driver/Src/stm32f4xx_hal_pcd.o
                0x0000000008004a2a                HAL_PCD_EP_SetStall
 .text.HAL_PCD_EP_ClrStall
                0x0000000008004af0       0xac ./Drivers/STM32F4xx_HAL_Driver/Src/stm32f4xx_hal_pcd.o
                0x0000000008004af0                HAL_PCD_EP_ClrStall
 .text.HAL_PCD_EP_Abort
                0x0000000008004b9c       0x62 ./Drivers/STM32F4xx_HAL_Driver/Src/stm32f4xx_hal_pcd.o
                0x0000000008004b9c                HAL_PCD_EP_Abort
 .text.PCD_WriteEmptyTxFifo
                0x0000000008004bfe      0x118 ./Drivers/STM32F4xx_HAL_Driver/Src/stm32f4xx_hal_pcd.o
 *fill*         0x0000000008004d16        0x2 
 .text.PCD_EP_OutXfrComplete_int
                0x0000000008004d18      0x1d0 ./Drivers/STM32F4xx_HAL_Driver/Src/stm32f4xx_hal_pcd.o
 .text.PCD_EP_OutSetupPacket_int
                0x0000000008004ee8       0x8c ./Drivers/STM32F4xx_HAL_Driver/Src/stm32f4xx_hal_pcd.o
 .text.HAL_PCDEx_SetTxFiFo
                0x0000000008004f74       0x8e ./Drivers/STM32F4xx_HAL_Driver/Src/stm32f4xx_hal_pcd_ex.o
                0x0000000008004f74                HAL_PCDEx_SetTxFiFo
 .text.HAL_PCDEx_SetRxFiFo
                0x0000000008005002       0x22 ./Drivers/STM32F4xx_HAL_Driver/Src/stm32f4xx_hal_pcd_ex.o
                0x0000000008005002                HAL_PCDEx_SetRxFiFo
 .text.HAL_PCDEx_LPM_Callback
                0x0000000008005024       0x18 ./Drivers/STM32F4xx_HAL_Driver/Src/stm32f4xx_hal_pcd_ex.o
                0x0000000008005024                HAL_PCDEx_LPM_Callback
 .text.HAL_RCC_OscConfig
                0x000000000800503c      0x4f0 ./Drivers/STM32F4xx_HAL_Driver/Src/stm32f4xx_hal_rcc.o
                0x000000000800503c                HAL_RCC_OscConfig
 .text.HAL_RCC_ClockConfig
                0x000000000800552c      0x1cc ./Drivers/STM32F4xx_HAL_Driver/Src/stm32f4xx_hal_rcc.o
                0x000000000800552c                HAL_RCC_ClockConfig
 .text.HAL_RCC_GetSysClockFreq
                0x00000000080056f8      0x18c ./Drivers/STM32F4xx_HAL_Driver/Src/stm32f4xx_hal_rcc.o
                0x00000000080056f8                HAL_RCC_GetSysClockFreq
 .text.HAL_RCC_GetHCLKFreq
                0x0000000008005884       0x18 ./Drivers/STM32F4xx_HAL_Driver/Src/stm32f4xx_hal_rcc.o
                0x0000000008005884                HAL_RCC_GetHCLKFreq
 .text.HAL_RCC_GetPCLK1Freq
                0x000000000800589c       0x28 ./Drivers/STM32F4xx_HAL_Driver/Src/stm32f4xx_hal_rcc.o
                0x000000000800589c                HAL_RCC_GetPCLK1Freq
 .text.HAL_RCCEx_PeriphCLKConfig
                0x00000000080058c4      0x1dc ./Drivers/STM32F4xx_HAL_Driver/Src/stm32f4xx_hal_rcc_ex.o
                0x00000000080058c4                HAL_RCCEx_PeriphCLKConfig
 .text.HAL_RTC_Init
                0x0000000008005aa0      0x106 ./Drivers/STM32F4xx_HAL_Driver/Src/stm32f4xx_hal_rtc.o
                0x0000000008005aa0                HAL_RTC_Init
 *fill*         0x0000000008005ba6        0x2 
 .text.HAL_RTC_WaitForSynchro
                0x0000000008005ba8       0x4c ./Drivers/STM32F4xx_HAL_Driver/Src/stm32f4xx_hal_rtc.o
                0x0000000008005ba8                HAL_RTC_WaitForSynchro
 .text.RTC_EnterInitMode
                0x0000000008005bf4       0x6e ./Drivers/STM32F4xx_HAL_Driver/Src/stm32f4xx_hal_rtc.o
                0x0000000008005bf4                RTC_EnterInitMode
 .text.RTC_ExitInitMode
                0x0000000008005c62       0x4a ./Drivers/STM32F4xx_HAL_Driver/Src/stm32f4xx_hal_rtc.o
                0x0000000008005c62                RTC_ExitInitMode
 .text.USB_CoreInit
                0x0000000008005cac       0xc8 ./Drivers/STM32F4xx_HAL_Driver/Src/stm32f4xx_ll_usb.o
                0x0000000008005cac                USB_CoreInit
 .text.USB_SetTurnaroundTime
                0x0000000008005d74      0x144 ./Drivers/STM32F4xx_HAL_Driver/Src/stm32f4xx_ll_usb.o
                0x0000000008005d74                USB_SetTurnaroundTime
 .text.USB_EnableGlobalInt
                0x0000000008005eb8       0x22 ./Drivers/STM32F4xx_HAL_Driver/Src/stm32f4xx_ll_usb.o
                0x0000000008005eb8                USB_EnableGlobalInt
 .text.USB_DisableGlobalInt
                0x0000000008005eda       0x22 ./Drivers/STM32F4xx_HAL_Driver/Src/stm32f4xx_ll_usb.o
                0x0000000008005eda                USB_DisableGlobalInt
 .text.USB_SetCurrentMode
                0x0000000008005efc       0x98 ./Drivers/STM32F4xx_HAL_Driver/Src/stm32f4xx_ll_usb.o
                0x0000000008005efc                USB_SetCurrentMode
 .text.USB_DevInit
                0x0000000008005f94      0x2c8 ./Drivers/STM32F4xx_HAL_Driver/Src/stm32f4xx_ll_usb.o
                0x0000000008005f94                USB_DevInit
 .text.USB_FlushTxFifo
                0x000000000800625c       0x64 ./Drivers/STM32F4xx_HAL_Driver/Src/stm32f4xx_ll_usb.o
                0x000000000800625c                USB_FlushTxFifo
 .text.USB_FlushRxFifo
                0x00000000080062c0       0x5c ./Drivers/STM32F4xx_HAL_Driver/Src/stm32f4xx_ll_usb.o
                0x00000000080062c0                USB_FlushRxFifo
 .text.USB_SetDevSpeed
                0x000000000800631c       0x32 ./Drivers/STM32F4xx_HAL_Driver/Src/stm32f4xx_ll_usb.o
                0x000000000800631c                USB_SetDevSpeed
 .text.USB_GetDevSpeed
                0x000000000800634e       0x4a ./Drivers/STM32F4xx_HAL_Driver/Src/stm32f4xx_ll_usb.o
                0x000000000800634e                USB_GetDevSpeed
 .text.USB_ActivateEndpoint
                0x0000000008006398      0x10e ./Drivers/STM32F4xx_HAL_Driver/Src/stm32f4xx_ll_usb.o
                0x0000000008006398                USB_ActivateEndpoint
 *fill*         0x00000000080064a6        0x2 
 .text.USB_DeactivateEndpoint
                0x00000000080064a8      0x1b8 ./Drivers/STM32F4xx_HAL_Driver/Src/stm32f4xx_ll_usb.o
                0x00000000080064a8                USB_DeactivateEndpoint
 .text.USB_EPStartXfer
                0x0000000008006660      0x530 ./Drivers/STM32F4xx_HAL_Driver/Src/stm32f4xx_ll_usb.o
                0x0000000008006660                USB_EPStartXfer
 .text.USB_EPStopXfer
                0x0000000008006b90      0x154 ./Drivers/STM32F4xx_HAL_Driver/Src/stm32f4xx_ll_usb.o
                0x0000000008006b90                USB_EPStopXfer
 .text.USB_WritePacket
                0x0000000008006ce4       0x7c ./Drivers/STM32F4xx_HAL_Driver/Src/stm32f4xx_ll_usb.o
                0x0000000008006ce4                USB_WritePacket
 .text.USB_ReadPacket
                0x0000000008006d60       0xb0 ./Drivers/STM32F4xx_HAL_Driver/Src/stm32f4xx_ll_usb.o
                0x0000000008006d60                USB_ReadPacket
 .text.USB_EPSetStall
                0x0000000008006e10       0xdc ./Drivers/STM32F4xx_HAL_Driver/Src/stm32f4xx_ll_usb.o
                0x0000000008006e10                USB_EPSetStall
 .text.USB_EPClearStall
                0x0000000008006eec       0xcc ./Drivers/STM32F4xx_HAL_Driver/Src/stm32f4xx_ll_usb.o
                0x0000000008006eec                USB_EPClearStall
 .text.USB_SetDevAddress
                0x0000000008006fb8       0x4c ./Drivers/STM32F4xx_HAL_Driver/Src/stm32f4xx_ll_usb.o
                0x0000000008006fb8                USB_SetDevAddress
 .text.USB_DevConnect
                0x0000000008007004       0x42 ./Drivers/STM32F4xx_HAL_Driver/Src/stm32f4xx_ll_usb.o
                0x0000000008007004                USB_DevConnect
 .text.USB_DevDisconnect
                0x0000000008007046       0x42 ./Drivers/STM32F4xx_HAL_Driver/Src/stm32f4xx_ll_usb.o
                0x0000000008007046                USB_DevDisconnect
 .text.USB_ReadInterrupts
                0x0000000008007088       0x26 ./Drivers/STM32F4xx_HAL_Driver/Src/stm32f4xx_ll_usb.o
                0x0000000008007088                USB_ReadInterrupts
 .text.USB_ReadDevAllOutEpInterrupt
                0x00000000080070ae       0x34 ./Drivers/STM32F4xx_HAL_Driver/Src/stm32f4xx_ll_usb.o
                0x00000000080070ae                USB_ReadDevAllOutEpInterrupt
 .text.USB_ReadDevAllInEpInterrupt
                0x00000000080070e2       0x34 ./Drivers/STM32F4xx_HAL_Driver/Src/stm32f4xx_ll_usb.o
                0x00000000080070e2                USB_ReadDevAllInEpInterrupt
 .text.USB_ReadDevOutEPInterrupt
                0x0000000008007116       0x3c ./Drivers/STM32F4xx_HAL_Driver/Src/stm32f4xx_ll_usb.o
                0x0000000008007116                USB_ReadDevOutEPInterrupt
 .text.USB_ReadDevInEPInterrupt
                0x0000000008007152       0x5c ./Drivers/STM32F4xx_HAL_Driver/Src/stm32f4xx_ll_usb.o
                0x0000000008007152                USB_ReadDevInEPInterrupt
 .text.USB_GetMode
                0x00000000080071ae       0x1c ./Drivers/STM32F4xx_HAL_Driver/Src/stm32f4xx_ll_usb.o
                0x00000000080071ae                USB_GetMode
 .text.USB_ActivateSetup
                0x00000000080071ca       0x46 ./Drivers/STM32F4xx_HAL_Driver/Src/stm32f4xx_ll_usb.o
                0x00000000080071ca                USB_ActivateSetup
 .text.USB_EP0_OutStart
                0x0000000008007210       0xbc ./Drivers/STM32F4xx_HAL_Driver/Src/stm32f4xx_ll_usb.o
                0x0000000008007210                USB_EP0_OutStart
 .text.USB_CoreReset
                0x00000000080072cc       0x62 ./Drivers/STM32F4xx_HAL_Driver/Src/stm32f4xx_ll_usb.o
 *fill*         0x000000000800732e        0x2 
 .text.mpu6500_readReg
                0x0000000008007330       0x44 ./Drivers/mpu6500/Src/mpu6500.o
                0x0000000008007330                mpu6500_readReg
 .text.mpu6500_readMem
                0x0000000008007374       0x4c ./Drivers/mpu6500/Src/mpu6500.o
                0x0000000008007374                mpu6500_readMem
 .text.mpu6500_writeReg
                0x00000000080073c0       0x4c ./Drivers/mpu6500/Src/mpu6500.o
                0x00000000080073c0                mpu6500_writeReg
 .text.mpu6500_accelSelfTest
                0x000000000800740c       0x12 ./Drivers/mpu6500/Src/mpu6500.o
                0x000000000800740c                mpu6500_accelSelfTest
 *fill*         0x000000000800741e        0x2 
 .text.USBD_CDC_Init
                0x0000000008007420      0x1f0 ./Middlewares/ST/STM32_USB_Device_Library/Class/CDC/Src/usbd_cdc.o
 .text.USBD_CDC_DeInit
                0x0000000008007610      0x104 ./Middlewares/ST/STM32_USB_Device_Library/Class/CDC/Src/usbd_cdc.o
 .text.USBD_CDC_Setup
                0x0000000008007714      0x1b8 ./Middlewares/ST/STM32_USB_Device_Library/Class/CDC/Src/usbd_cdc.o
 .text.USBD_CDC_DataIn
                0x00000000080078cc       0xfe ./Middlewares/ST/STM32_USB_Device_Library/Class/CDC/Src/usbd_cdc.o
 .text.USBD_CDC_DataOut
                0x00000000080079ca       0x70 ./Middlewares/ST/STM32_USB_Device_Library/Class/CDC/Src/usbd_cdc.o
 .text.USBD_CDC_EP0_RxReady
                0x0000000008007a3a       0x76 ./Middlewares/ST/STM32_USB_Device_Library/Class/CDC/Src/usbd_cdc.o
 .text.USBD_CDC_GetFSCfgDesc
                0x0000000008007ab0       0x70 ./Middlewares/ST/STM32_USB_Device_Library/Class/CDC/Src/usbd_cdc.o
 .text.USBD_CDC_GetHSCfgDesc
                0x0000000008007b20       0x70 ./Middlewares/ST/STM32_USB_Device_Library/Class/CDC/Src/usbd_cdc.o
 .text.USBD_CDC_GetOtherSpeedCfgDesc
                0x0000000008007b90       0x70 ./Middlewares/ST/STM32_USB_Device_Library/Class/CDC/Src/usbd_cdc.o
 .text.USBD_CDC_GetDeviceQualifierDescriptor
                0x0000000008007c00       0x20 ./Middlewares/ST/STM32_USB_Device_Library/Class/CDC/Src/usbd_cdc.o
                0x0000000008007c00                USBD_CDC_GetDeviceQualifierDescriptor
 .text.USBD_CDC_RegisterInterface
                0x0000000008007c20       0x34 ./Middlewares/ST/STM32_USB_Device_Library/Class/CDC/Src/usbd_cdc.o
                0x0000000008007c20                USBD_CDC_RegisterInterface
 .text.USBD_CDC_SetTxBuffer
                0x0000000008007c54       0x44 ./Middlewares/ST/STM32_USB_Device_Library/Class/CDC/Src/usbd_cdc.o
                0x0000000008007c54                USBD_CDC_SetTxBuffer
 .text.USBD_CDC_SetRxBuffer
                0x0000000008007c98       0x3a ./Middlewares/ST/STM32_USB_Device_Library/Class/CDC/Src/usbd_cdc.o
                0x0000000008007c98                USBD_CDC_SetRxBuffer
 *fill*         0x0000000008007cd2        0x2 
 .text.USBD_CDC_ReceivePacket
                0x0000000008007cd4       0x6c ./Middlewares/ST/STM32_USB_Device_Library/Class/CDC/Src/usbd_cdc.o
                0x0000000008007cd4                USBD_CDC_ReceivePacket
 .text.USBD_Init
                0x0000000008007d40       0x60 ./Middlewares/ST/STM32_USB_Device_Library/Core/Src/usbd_core.o
                0x0000000008007d40                USBD_Init
 .text.USBD_RegisterClass
                0x0000000008007da0       0x6c ./Middlewares/ST/STM32_USB_Device_Library/Core/Src/usbd_core.o
                0x0000000008007da0                USBD_RegisterClass
 .text.USBD_Start
                0x0000000008007e0c       0x18 ./Middlewares/ST/STM32_USB_Device_Library/Core/Src/usbd_core.o
                0x0000000008007e0c                USBD_Start
 .text.USBD_RunTestMode
                0x0000000008007e24       0x16 ./Middlewares/ST/STM32_USB_Device_Library/Core/Src/usbd_core.o
                0x0000000008007e24                USBD_RunTestMode
 .text.USBD_SetClassConfig
                0x0000000008007e3a       0x38 ./Middlewares/ST/STM32_USB_Device_Library/Core/Src/usbd_core.o
                0x0000000008007e3a                USBD_SetClassConfig
 .text.USBD_ClrClassConfig
                0x0000000008007e72       0x34 ./Middlewares/ST/STM32_USB_Device_Library/Core/Src/usbd_core.o
                0x0000000008007e72                USBD_ClrClassConfig
 .text.USBD_LL_SetupStage
                0x0000000008007ea6       0xaa ./Middlewares/ST/STM32_USB_Device_Library/Core/Src/usbd_core.o
                0x0000000008007ea6                USBD_LL_SetupStage
 .text.USBD_LL_DataOutStage
                0x0000000008007f50      0x166 ./Middlewares/ST/STM32_USB_Device_Library/Core/Src/usbd_core.o
                0x0000000008007f50                USBD_LL_DataOutStage
 .text.USBD_LL_DataInStage
                0x00000000080080b6      0x164 ./Middlewares/ST/STM32_USB_Device_Library/Core/Src/usbd_core.o
                0x00000000080080b6                USBD_LL_DataInStage
 .text.USBD_LL_Reset
                0x000000000800821a       0xa4 ./Middlewares/ST/STM32_USB_Device_Library/Core/Src/usbd_core.o
                0x000000000800821a                USBD_LL_Reset
 .text.USBD_LL_SetSpeed
                0x00000000080082be       0x20 ./Middlewares/ST/STM32_USB_Device_Library/Core/Src/usbd_core.o
                0x00000000080082be                USBD_LL_SetSpeed
 .text.USBD_LL_Suspend
                0x00000000080082de       0x38 ./Middlewares/ST/STM32_USB_Device_Library/Core/Src/usbd_core.o
                0x00000000080082de                USBD_LL_Suspend
 .text.USBD_LL_Resume
                0x0000000008008316       0x30 ./Middlewares/ST/STM32_USB_Device_Library/Core/Src/usbd_core.o
                0x0000000008008316                USBD_LL_Resume
 .text.USBD_LL_SOF
                0x0000000008008346       0x40 ./Middlewares/ST/STM32_USB_Device_Library/Core/Src/usbd_core.o
                0x0000000008008346                USBD_LL_SOF
 .text.USBD_LL_IsoINIncomplete
                0x0000000008008386       0x64 ./Middlewares/ST/STM32_USB_Device_Library/Core/Src/usbd_core.o
                0x0000000008008386                USBD_LL_IsoINIncomplete
 .text.USBD_LL_IsoOUTIncomplete
                0x00000000080083ea       0x64 ./Middlewares/ST/STM32_USB_Device_Library/Core/Src/usbd_core.o
                0x00000000080083ea                USBD_LL_IsoOUTIncomplete
 .text.USBD_LL_DevConnected
                0x000000000800844e       0x16 ./Middlewares/ST/STM32_USB_Device_Library/Core/Src/usbd_core.o
                0x000000000800844e                USBD_LL_DevConnected
 .text.USBD_LL_DevDisconnected
                0x0000000008008464       0x46 ./Middlewares/ST/STM32_USB_Device_Library/Core/Src/usbd_core.o
                0x0000000008008464                USBD_LL_DevDisconnected
 .text.USBD_CoreFindIF
                0x00000000080084aa       0x1a ./Middlewares/ST/STM32_USB_Device_Library/Core/Src/usbd_core.o
                0x00000000080084aa                USBD_CoreFindIF
 .text.USBD_CoreFindEP
                0x00000000080084c4       0x1a ./Middlewares/ST/STM32_USB_Device_Library/Core/Src/usbd_core.o
                0x00000000080084c4                USBD_CoreFindEP
 .text.USBD_GetEpDesc
                0x00000000080084de       0x74 ./Middlewares/ST/STM32_USB_Device_Library/Core/Src/usbd_core.o
                0x00000000080084de                USBD_GetEpDesc
 .text.USBD_GetNextDesc
                0x0000000008008552       0x3a ./Middlewares/ST/STM32_USB_Device_Library/Core/Src/usbd_core.o
                0x0000000008008552                USBD_GetNextDesc
 .text.SWAPBYTE
                0x000000000800858c       0x3c ./Middlewares/ST/STM32_USB_Device_Library/Core/Src/usbd_ctlreq.o
 .text.USBD_StdDevReq
                0x00000000080085c8       0xe4 ./Middlewares/ST/STM32_USB_Device_Library/Core/Src/usbd_ctlreq.o
                0x00000000080085c8                USBD_StdDevReq
 .text.USBD_StdItfReq
                0x00000000080086ac       0xd8 ./Middlewares/ST/STM32_USB_Device_Library/Core/Src/usbd_ctlreq.o
                0x00000000080086ac                USBD_StdItfReq
 .text.USBD_StdEPReq
                0x0000000008008784      0x33a ./Middlewares/ST/STM32_USB_Device_Library/Core/Src/usbd_ctlreq.o
                0x0000000008008784                USBD_StdEPReq
 *fill*         0x0000000008008abe        0x2 
 .text.USBD_GetDescriptor
                0x0000000008008ac0      0x2d4 ./Middlewares/ST/STM32_USB_Device_Library/Core/Src/usbd_ctlreq.o
 .text.USBD_SetAddress
                0x0000000008008d94       0x88 ./Middlewares/ST/STM32_USB_Device_Library/Core/Src/usbd_ctlreq.o
 .text.USBD_SetConfig
                0x0000000008008e1c      0x154 ./Middlewares/ST/STM32_USB_Device_Library/Core/Src/usbd_ctlreq.o
 .text.USBD_GetConfig
                0x0000000008008f70       0x6c ./Middlewares/ST/STM32_USB_Device_Library/Core/Src/usbd_ctlreq.o
 .text.USBD_GetStatus
                0x0000000008008fdc       0x68 ./Middlewares/ST/STM32_USB_Device_Library/Core/Src/usbd_ctlreq.o
 .text.USBD_SetFeature
                0x0000000008009044       0x52 ./Middlewares/ST/STM32_USB_Device_Library/Core/Src/usbd_ctlreq.o
 .text.USBD_ClrFeature
                0x0000000008009096       0x44 ./Middlewares/ST/STM32_USB_Device_Library/Core/Src/usbd_ctlreq.o
 .text.USBD_ParseSetupRequest
                0x00000000080090da       0x74 ./Middlewares/ST/STM32_USB_Device_Library/Core/Src/usbd_ctlreq.o
                0x00000000080090da                USBD_ParseSetupRequest
 .text.USBD_CtlError
                0x000000000800914e       0x22 ./Middlewares/ST/STM32_USB_Device_Library/Core/Src/usbd_ctlreq.o
                0x000000000800914e                USBD_CtlError
 .text.USBD_GetString
                0x0000000008009170       0x8c ./Middlewares/ST/STM32_USB_Device_Library/Core/Src/usbd_ctlreq.o
                0x0000000008009170                USBD_GetString
 .text.USBD_GetLen
                0x00000000080091fc       0x34 ./Middlewares/ST/STM32_USB_Device_Library/Core/Src/usbd_ctlreq.o
 .text.USBD_CtlSendData
                0x0000000008009230       0x36 ./Middlewares/ST/STM32_USB_Device_Library/Core/Src/usbd_ioreq.o
                0x0000000008009230                USBD_CtlSendData
 .text.USBD_CtlContinueSendData
                0x0000000008009266       0x22 ./Middlewares/ST/STM32_USB_Device_Library/Core/Src/usbd_ioreq.o
                0x0000000008009266                USBD_CtlContinueSendData
 .text.USBD_CtlPrepareRx
                0x0000000008009288       0x3a ./Middlewares/ST/STM32_USB_Device_Library/Core/Src/usbd_ioreq.o
                0x0000000008009288                USBD_CtlPrepareRx
 .text.USBD_CtlContinueRx
                0x00000000080092c2       0x22 ./Middlewares/ST/STM32_USB_Device_Library/Core/Src/usbd_ioreq.o
                0x00000000080092c2                USBD_CtlContinueRx
 .text.USBD_CtlSendStatus
                0x00000000080092e4       0x26 ./Middlewares/ST/STM32_USB_Device_Library/Core/Src/usbd_ioreq.o
                0x00000000080092e4                USBD_CtlSendStatus
 .text.USBD_CtlReceiveStatus
                0x000000000800930a       0x26 ./Middlewares/ST/STM32_USB_Device_Library/Core/Src/usbd_ioreq.o
                0x000000000800930a                USBD_CtlReceiveStatus
 .text.MX_USB_DEVICE_Init
                0x0000000008009330       0x60 ./USB_DEVICE/App/usb_device.o
                0x0000000008009330                MX_USB_DEVICE_Init
 .text.CDC_Init_FS
                0x0000000008009390       0x28 ./USB_DEVICE/App/usbd_cdc_if.o
 .text.CDC_DeInit_FS
                0x00000000080093b8       0x10 ./USB_DEVICE/App/usbd_cdc_if.o
 .text.CDC_Control_FS
                0x00000000080093c8       0xbc ./USB_DEVICE/App/usbd_cdc_if.o
 .text.CDC_Receive_FS
                0x0000000008009484       0x28 ./USB_DEVICE/App/usbd_cdc_if.o
 .text.CDC_TransmitCplt_FS
                0x00000000080094ac       0x22 ./USB_DEVICE/App/usbd_cdc_if.o
 *fill*         0x00000000080094ce        0x2 
 .text.USBD_FS_DeviceDescriptor
                0x00000000080094d0       0x24 ./USB_DEVICE/App/usbd_desc.o
                0x00000000080094d0                USBD_FS_DeviceDescriptor
 .text.USBD_FS_LangIDStrDescriptor
                0x00000000080094f4       0x24 ./USB_DEVICE/App/usbd_desc.o
                0x00000000080094f4                USBD_FS_LangIDStrDescriptor
 .text.USBD_FS_ProductStrDescriptor
                0x0000000008009518       0x3c ./USB_DEVICE/App/usbd_desc.o
                0x0000000008009518                USBD_FS_ProductStrDescriptor
 .text.USBD_FS_ManufacturerStrDescriptor
                0x0000000008009554       0x28 ./USB_DEVICE/App/usbd_desc.o
                0x0000000008009554                USBD_FS_ManufacturerStrDescriptor
 .text.USBD_FS_SerialStrDescriptor
                0x000000000800957c       0x24 ./USB_DEVICE/App/usbd_desc.o
                0x000000000800957c                USBD_FS_SerialStrDescriptor
 .text.USBD_FS_ConfigStrDescriptor
                0x00000000080095a0       0x3c ./USB_DEVICE/App/usbd_desc.o
                0x00000000080095a0                USBD_FS_ConfigStrDescriptor
 .text.USBD_FS_InterfaceStrDescriptor
                0x00000000080095dc       0x3c ./USB_DEVICE/App/usbd_desc.o
                0x00000000080095dc                USBD_FS_InterfaceStrDescriptor
 .text.Get_SerialNum
                0x0000000008009618       0x58 ./USB_DEVICE/App/usbd_desc.o
 .text.IntToUnicode
                0x0000000008009670       0x7e ./USB_DEVICE/App/usbd_desc.o
 *fill*         0x00000000080096ee        0x2 
 .text.HAL_PCD_MspInit
                0x00000000080096f0       0xa8 ./USB_DEVICE/Target/usbd_conf.o
                0x00000000080096f0                HAL_PCD_MspInit
 .text.HAL_PCD_SetupStageCallback
                0x0000000008009798       0x24 ./USB_DEVICE/Target/usbd_conf.o
                0x0000000008009798                HAL_PCD_SetupStageCallback
 .text.HAL_PCD_DataOutStageCallback
                0x00000000080097bc       0x36 ./USB_DEVICE/Target/usbd_conf.o
                0x00000000080097bc                HAL_PCD_DataOutStageCallback
 .text.HAL_PCD_DataInStageCallback
                0x00000000080097f2       0x34 ./USB_DEVICE/Target/usbd_conf.o
                0x00000000080097f2                HAL_PCD_DataInStageCallback
 .text.HAL_PCD_SOFCallback
                0x0000000008009826       0x1c ./USB_DEVICE/Target/usbd_conf.o
                0x0000000008009826                HAL_PCD_SOFCallback
 .text.HAL_PCD_ResetCallback
                0x0000000008009842       0x3c ./USB_DEVICE/Target/usbd_conf.o
                0x0000000008009842                HAL_PCD_ResetCallback
 *fill*         0x000000000800987e        0x2 
 .text.HAL_PCD_SuspendCallback
                0x0000000008009880       0x4c ./USB_DEVICE/Target/usbd_conf.o
                0x0000000008009880                HAL_PCD_SuspendCallback
 .text.HAL_PCD_ResumeCallback
                0x00000000080098cc       0x1c ./USB_DEVICE/Target/usbd_conf.o
                0x00000000080098cc                HAL_PCD_ResumeCallback
 .text.HAL_PCD_ISOOUTIncompleteCallback
                0x00000000080098e8       0x24 ./USB_DEVICE/Target/usbd_conf.o
                0x00000000080098e8                HAL_PCD_ISOOUTIncompleteCallback
 .text.HAL_PCD_ISOINIncompleteCallback
                0x000000000800990c       0x24 ./USB_DEVICE/Target/usbd_conf.o
                0x000000000800990c                HAL_PCD_ISOINIncompleteCallback
 .text.HAL_PCD_ConnectCallback
                0x0000000008009930       0x1c ./USB_DEVICE/Target/usbd_conf.o
                0x0000000008009930                HAL_PCD_ConnectCallback
 .text.HAL_PCD_DisconnectCallback
                0x000000000800994c       0x1c ./USB_DEVICE/Target/usbd_conf.o
                0x000000000800994c                HAL_PCD_DisconnectCallback
 .text.USBD_LL_Init
                0x0000000008009968       0x98 ./USB_DEVICE/Target/usbd_conf.o
                0x0000000008009968                USBD_LL_Init
 .text.USBD_LL_Start
                0x0000000008009a00       0x36 ./USB_DEVICE/Target/usbd_conf.o
                0x0000000008009a00                USBD_LL_Start
 .text.USBD_LL_OpenEP
                0x0000000008009a36       0x4c ./USB_DEVICE/Target/usbd_conf.o
                0x0000000008009a36                USBD_LL_OpenEP
 .text.USBD_LL_CloseEP
                0x0000000008009a82       0x3e ./USB_DEVICE/Target/usbd_conf.o
                0x0000000008009a82                USBD_LL_CloseEP
 .text.USBD_LL_StallEP
                0x0000000008009ac0       0x3e ./USB_DEVICE/Target/usbd_conf.o
                0x0000000008009ac0                USBD_LL_StallEP
 .text.USBD_LL_ClearStallEP
                0x0000000008009afe       0x3e ./USB_DEVICE/Target/usbd_conf.o
                0x0000000008009afe                USBD_LL_ClearStallEP
 .text.USBD_LL_IsStallEP
                0x0000000008009b3c       0x58 ./USB_DEVICE/Target/usbd_conf.o
                0x0000000008009b3c                USBD_LL_IsStallEP
 .text.USBD_LL_SetUSBAddress
                0x0000000008009b94       0x3e ./USB_DEVICE/Target/usbd_conf.o
                0x0000000008009b94                USBD_LL_SetUSBAddress
 .text.USBD_LL_Transmit
                0x0000000008009bd2       0x42 ./USB_DEVICE/Target/usbd_conf.o
                0x0000000008009bd2                USBD_LL_Transmit
 .text.USBD_LL_PrepareReceive
                0x0000000008009c14       0x42 ./USB_DEVICE/Target/usbd_conf.o
                0x0000000008009c14                USBD_LL_PrepareReceive
 .text.USBD_LL_GetRxDataSize
                0x0000000008009c56       0x26 ./USB_DEVICE/Target/usbd_conf.o
                0x0000000008009c56                USBD_LL_GetRxDataSize
 .text.USBD_static_malloc
                0x0000000008009c7c       0x1c ./USB_DEVICE/Target/usbd_conf.o
                0x0000000008009c7c                USBD_static_malloc
 .text.USBD_static_free
                0x0000000008009c98       0x14 ./USB_DEVICE/Target/usbd_conf.o
                0x0000000008009c98                USBD_static_free
 .text.USBD_Get_USB_Status
                0x0000000008009cac       0x58 ./USB_DEVICE/Target/usbd_conf.o
                0x0000000008009cac                USBD_Get_USB_Status
 .text.__libc_init_array
                0x0000000008009d04       0x48 c:/st/stm32cubeide_1.10.1/stm32cubeide/plugins/com.st.stm32cube.ide.mcu.externaltools.gnu-tools-for-stm32.10.3-2021.10.win32_1.0.0.202111181127/tools/bin/../lib/gcc/arm-none-eabi/10.3.1/../../../../arm-none-eabi/lib/thumb/v7e-m+fp/hard\libc_nano.a(lib_a-init.o)
                0x0000000008009d04                __libc_init_array
 .text.memset   0x0000000008009d4c       0x10 c:/st/stm32cubeide_1.10.1/stm32cubeide/plugins/com.st.stm32cube.ide.mcu.externaltools.gnu-tools-for-stm32.10.3-2021.10.win32_1.0.0.202111181127/tools/bin/../lib/gcc/arm-none-eabi/10.3.1/../../../../arm-none-eabi/lib/thumb/v7e-m+fp/hard\libc_nano.a(lib_a-memset.o)
                0x0000000008009d4c                memset
 *(.glue_7)
 .glue_7        0x0000000008009d5c        0x0 linker stubs
 *(.glue_7t)
 .glue_7t       0x0000000008009d5c        0x0 linker stubs
 *(.eh_frame)
 .eh_frame      0x0000000008009d5c        0x0 c:/st/stm32cubeide_1.10.1/stm32cubeide/plugins/com.st.stm32cube.ide.mcu.externaltools.gnu-tools-for-stm32.10.3-2021.10.win32_1.0.0.202111181127/tools/bin/../lib/gcc/arm-none-eabi/10.3.1/thumb/v7e-m+fp/hard/crtbegin.o
 *(.init)
 .init          0x0000000008009d5c        0x4 c:/st/stm32cubeide_1.10.1/stm32cubeide/plugins/com.st.stm32cube.ide.mcu.externaltools.gnu-tools-for-stm32.10.3-2021.10.win32_1.0.0.202111181127/tools/bin/../lib/gcc/arm-none-eabi/10.3.1/thumb/v7e-m+fp/hard/crti.o
                0x0000000008009d5c                _init
 .init          0x0000000008009d60        0x8 c:/st/stm32cubeide_1.10.1/stm32cubeide/plugins/com.st.stm32cube.ide.mcu.externaltools.gnu-tools-for-stm32.10.3-2021.10.win32_1.0.0.202111181127/tools/bin/../lib/gcc/arm-none-eabi/10.3.1/thumb/v7e-m+fp/hard/crtn.o
 *(.fini)
 .fini          0x0000000008009d68        0x4 c:/st/stm32cubeide_1.10.1/stm32cubeide/plugins/com.st.stm32cube.ide.mcu.externaltools.gnu-tools-for-stm32.10.3-2021.10.win32_1.0.0.202111181127/tools/bin/../lib/gcc/arm-none-eabi/10.3.1/thumb/v7e-m+fp/hard/crti.o
                0x0000000008009d68                _fini
 .fini          0x0000000008009d6c        0x8 c:/st/stm32cubeide_1.10.1/stm32cubeide/plugins/com.st.stm32cube.ide.mcu.externaltools.gnu-tools-for-stm32.10.3-2021.10.win32_1.0.0.202111181127/tools/bin/../lib/gcc/arm-none-eabi/10.3.1/thumb/v7e-m+fp/hard/crtn.o
                0x0000000008009d74                . = ALIGN (0x4)
                0x0000000008009d74                _etext = .

.vfp11_veneer   0x0000000008009d74        0x0
 .vfp11_veneer  0x0000000008009d74        0x0 linker stubs

.v4_bx          0x0000000008009d74        0x0
 .v4_bx         0x0000000008009d74        0x0 linker stubs

.iplt           0x0000000008009d74        0x0
 .iplt          0x0000000008009d74        0x0 c:/st/stm32cubeide_1.10.1/stm32cubeide/plugins/com.st.stm32cube.ide.mcu.externaltools.gnu-tools-for-stm32.10.3-2021.10.win32_1.0.0.202111181127/tools/bin/../lib/gcc/arm-none-eabi/10.3.1/thumb/v7e-m+fp/hard/crtbegin.o

.rodata         0x0000000008009d74      0x160
                0x0000000008009d74                . = ALIGN (0x4)
 *(.rodata)
 .rodata        0x0000000008009d74      0x100 ./Core/Src/main.o
 .rodata        0x0000000008009e74       0x46 ./USB_DEVICE/App/usbd_desc.o
 *(.rodata*)
 *fill*         0x0000000008009eba        0x2 
 .rodata.AHBPrescTable
                0x0000000008009ebc       0x10 ./Core/Src/system_stm32f4xx.o
                0x0000000008009ebc                AHBPrescTable
 .rodata.APBPrescTable
                0x0000000008009ecc        0x8 ./Core/Src/system_stm32f4xx.o
                0x0000000008009ecc                APBPrescTable
                0x0000000008009ed4                . = ALIGN (0x4)

.ARM.extab      0x0000000008009ed4        0x0
                0x0000000008009ed4                . = ALIGN (0x4)
 *(.ARM.extab* .gnu.linkonce.armextab.*)
                0x0000000008009ed4                . = ALIGN (0x4)

.ARM            0x0000000008009ed4        0x8
                0x0000000008009ed4                . = ALIGN (0x4)
                0x0000000008009ed4                __exidx_start = .
 *(.ARM.exidx*)
 .ARM.exidx     0x0000000008009ed4        0x8 c:/st/stm32cubeide_1.10.1/stm32cubeide/plugins/com.st.stm32cube.ide.mcu.externaltools.gnu-tools-for-stm32.10.3-2021.10.win32_1.0.0.202111181127/tools/bin/../lib/gcc/arm-none-eabi/10.3.1/thumb/v7e-m+fp/hard\libgcc.a(_udivmoddi4.o)
                0x0000000008009edc                __exidx_end = .
                0x0000000008009edc                . = ALIGN (0x4)

.rel.dyn        0x0000000008009edc        0x0
 .rel.iplt      0x0000000008009edc        0x0 c:/st/stm32cubeide_1.10.1/stm32cubeide/plugins/com.st.stm32cube.ide.mcu.externaltools.gnu-tools-for-stm32.10.3-2021.10.win32_1.0.0.202111181127/tools/bin/../lib/gcc/arm-none-eabi/10.3.1/thumb/v7e-m+fp/hard/crtbegin.o

.preinit_array  0x0000000008009edc        0x0
                0x0000000008009edc                . = ALIGN (0x4)
                0x0000000008009edc                PROVIDE (__preinit_array_start = .)
 *(.preinit_array*)
                0x0000000008009edc                PROVIDE (__preinit_array_end = .)
                0x0000000008009edc                . = ALIGN (0x4)

.init_array     0x0000000008009edc        0x4
                0x0000000008009edc                . = ALIGN (0x4)
                0x0000000008009edc                PROVIDE (__init_array_start = .)
 *(SORT_BY_NAME(.init_array.*))
 *(.init_array*)
 .init_array    0x0000000008009edc        0x4 c:/st/stm32cubeide_1.10.1/stm32cubeide/plugins/com.st.stm32cube.ide.mcu.externaltools.gnu-tools-for-stm32.10.3-2021.10.win32_1.0.0.202111181127/tools/bin/../lib/gcc/arm-none-eabi/10.3.1/thumb/v7e-m+fp/hard/crtbegin.o
                0x0000000008009ee0                PROVIDE (__init_array_end = .)
                0x0000000008009ee0                . = ALIGN (0x4)

.fini_array     0x0000000008009ee0        0x4
                0x0000000008009ee0                . = ALIGN (0x4)
                [!provide]                        PROVIDE (__fini_array_start = .)
 *(SORT_BY_NAME(.fini_array.*))
 *(.fini_array*)
 .fini_array    0x0000000008009ee0        0x4 c:/st/stm32cubeide_1.10.1/stm32cubeide/plugins/com.st.stm32cube.ide.mcu.externaltools.gnu-tools-for-stm32.10.3-2021.10.win32_1.0.0.202111181127/tools/bin/../lib/gcc/arm-none-eabi/10.3.1/thumb/v7e-m+fp/hard/crtbegin.o
                [!provide]                        PROVIDE (__fini_array_end = .)
                0x0000000008009ee4                . = ALIGN (0x4)
                0x0000000008009ee4                _sidata = LOADADDR (.data)

.data           0x0000000020000000       0xfc load address 0x0000000008009ee4
                0x0000000020000000                . = ALIGN (0x4)
                0x0000000020000000                _sdata = .
 *(.data)
 *(.data*)
 .data.SystemCoreClock
                0x0000000020000000        0x4 ./Core/Src/system_stm32f4xx.o
                0x0000000020000000                SystemCoreClock
 .data.uwTickPrio
                0x0000000020000004        0x4 ./Drivers/STM32F4xx_HAL_Driver/Src/stm32f4xx_hal.o
                0x0000000020000004                uwTickPrio
 .data.uwTickFreq
                0x0000000020000008        0x1 ./Drivers/STM32F4xx_HAL_Driver/Src/stm32f4xx_hal.o
                0x0000000020000008                uwTickFreq
 *fill*         0x0000000020000009        0x3 
 .data.USBD_CDC_DeviceQualifierDesc
                0x000000002000000c        0xa ./Middlewares/ST/STM32_USB_Device_Library/Class/CDC/Src/usbd_cdc.o
 *fill*         0x0000000020000016        0x2 
 .data.USBD_CDC
                0x0000000020000018       0x38 ./Middlewares/ST/STM32_USB_Device_Library/Class/CDC/Src/usbd_cdc.o
                0x0000000020000018                USBD_CDC
 .data.USBD_CDC_CfgDesc
                0x0000000020000050       0x43 ./Middlewares/ST/STM32_USB_Device_Library/Class/CDC/Src/usbd_cdc.o
 .data.CDCInEpAdd
                0x0000000020000093        0x1 ./Middlewares/ST/STM32_USB_Device_Library/Class/CDC/Src/usbd_cdc.o
 .data.CDCOutEpAdd
                0x0000000020000094        0x1 ./Middlewares/ST/STM32_USB_Device_Library/Class/CDC/Src/usbd_cdc.o
 .data.CDCCmdEpAdd
                0x0000000020000095        0x1 ./Middlewares/ST/STM32_USB_Device_Library/Class/CDC/Src/usbd_cdc.o
 *fill*         0x0000000020000096        0x2 
 .data.USBD_Interface_fops_FS
                0x0000000020000098       0x14 ./USB_DEVICE/App/usbd_cdc_if.o
                0x0000000020000098                USBD_Interface_fops_FS
 .data.FS_Desc  0x00000000200000ac       0x1c ./USB_DEVICE/App/usbd_desc.o
                0x00000000200000ac                FS_Desc
 .data.USBD_FS_DeviceDesc
                0x00000000200000c8       0x12 ./USB_DEVICE/App/usbd_desc.o
                0x00000000200000c8                USBD_FS_DeviceDesc
 *fill*         0x00000000200000da        0x2 
 .data.USBD_LangIDDesc
                0x00000000200000dc        0x4 ./USB_DEVICE/App/usbd_desc.o
                0x00000000200000dc                USBD_LangIDDesc
 .data.USBD_StringSerial
                0x00000000200000e0       0x1a ./USB_DEVICE/App/usbd_desc.o
                0x00000000200000e0                USBD_StringSerial
 *(.RamFunc)
 *(.RamFunc*)
                0x00000000200000fc                . = ALIGN (0x4)
 *fill*         0x00000000200000fa        0x2 
                0x00000000200000fc                _edata = .

.igot.plt       0x00000000200000fc        0x0 load address 0x0000000008009fe0
 .igot.plt      0x00000000200000fc        0x0 c:/st/stm32cubeide_1.10.1/stm32cubeide/plugins/com.st.stm32cube.ide.mcu.externaltools.gnu-tools-for-stm32.10.3-2021.10.win32_1.0.0.202111181127/tools/bin/../lib/gcc/arm-none-eabi/10.3.1/thumb/v7e-m+fp/hard/crtbegin.o
                0x00000000200000fc                . = ALIGN (0x4)

.bss            0x00000000200000fc     0x1478 load address 0x0000000008009fe0
                0x00000000200000fc                _sbss = .
                0x00000000200000fc                __bss_start__ = _sbss
 *(.bss)
 .bss           0x00000000200000fc       0x1c c:/st/stm32cubeide_1.10.1/stm32cubeide/plugins/com.st.stm32cube.ide.mcu.externaltools.gnu-tools-for-stm32.10.3-2021.10.win32_1.0.0.202111181127/tools/bin/../lib/gcc/arm-none-eabi/10.3.1/thumb/v7e-m+fp/hard/crtbegin.o
 *(.bss*)
 .bss.hi2c1     0x0000000020000118       0x54 ./Core/Src/main.o
                0x0000000020000118                hi2c1
 .bss.hrtc      0x000000002000016c       0x20 ./Core/Src/main.o
                0x000000002000016c                hrtc
 .bss.uwTick    0x000000002000018c        0x4 ./Drivers/STM32F4xx_HAL_Driver/Src/stm32f4xx_hal.o
                0x000000002000018c                uwTick
 .bss.cfgidx.0  0x0000000020000190        0x1 ./Middlewares/ST/STM32_USB_Device_Library/Core/Src/usbd_ctlreq.o
 *fill*         0x0000000020000191        0x3 
 .bss.hUsbDeviceFS
                0x0000000020000194      0x2dc ./USB_DEVICE/App/usb_device.o
                0x0000000020000194                hUsbDeviceFS
 .bss.UserRxBufferFS
                0x0000000020000470      0x400 ./USB_DEVICE/App/usbd_cdc_if.o
                0x0000000020000470                UserRxBufferFS
 .bss.UserTxBufferFS
                0x0000000020000870      0x400 ./USB_DEVICE/App/usbd_cdc_if.o
                0x0000000020000870                UserTxBufferFS
 .bss.USBD_StrDesc
                0x0000000020000c70      0x200 ./USB_DEVICE/App/usbd_desc.o
                0x0000000020000c70                USBD_StrDesc
 .bss.hpcd_USB_OTG_FS
                0x0000000020000e70      0x4e4 ./USB_DEVICE/Target/usbd_conf.o
                0x0000000020000e70                hpcd_USB_OTG_FS
 .bss.mem.0     0x0000000020001354      0x220 ./USB_DEVICE/Target/usbd_conf.o
 *(COMMON)
                0x0000000020001574                . = ALIGN (0x4)
                0x0000000020001574                _ebss = .
                0x0000000020001574                __bss_end__ = _ebss

._user_heap_stack
                0x0000000020001574      0x604 load address 0x0000000008009fe0
                0x0000000020001578                . = ALIGN (0x8)
 *fill*         0x0000000020001574        0x4 
                [!provide]                        PROVIDE (end = .)
                0x0000000020001578                PROVIDE (_end = .)
                0x0000000020001778                . = (. + _Min_Heap_Size)
 *fill*         0x0000000020001578      0x200 
                0x0000000020001b78                . = (. + _Min_Stack_Size)
 *fill*         0x0000000020001778      0x400 
                0x0000000020001b78                . = ALIGN (0x8)

/DISCARD/
 libc.a(*)
 libm.a(*)
 libgcc.a(*)

.ARM.attributes
                0x0000000000000000       0x30
 *(.ARM.attributes)
 .ARM.attributes
                0x0000000000000000       0x1e c:/st/stm32cubeide_1.10.1/stm32cubeide/plugins/com.st.stm32cube.ide.mcu.externaltools.gnu-tools-for-stm32.10.3-2021.10.win32_1.0.0.202111181127/tools/bin/../lib/gcc/arm-none-eabi/10.3.1/thumb/v7e-m+fp/hard/crti.o
 .ARM.attributes
                0x000000000000001e       0x34 c:/st/stm32cubeide_1.10.1/stm32cubeide/plugins/com.st.stm32cube.ide.mcu.externaltools.gnu-tools-for-stm32.10.3-2021.10.win32_1.0.0.202111181127/tools/bin/../lib/gcc/arm-none-eabi/10.3.1/thumb/v7e-m+fp/hard/crtbegin.o
 .ARM.attributes
                0x0000000000000052       0x34 ./Core/Src/main.o
 .ARM.attributes
                0x0000000000000086       0x34 ./Core/Src/stm32f4xx_hal_msp.o
 .ARM.attributes
                0x00000000000000ba       0x34 ./Core/Src/stm32f4xx_it.o
 .ARM.attributes
                0x00000000000000ee       0x34 ./Core/Src/system_stm32f4xx.o
 .ARM.attributes
                0x0000000000000122       0x21 ./Core/Startup/startup_stm32f401ccux.o
 .ARM.attributes
                0x0000000000000143       0x34 ./Drivers/STM32F4xx_HAL_Driver/Src/stm32f4xx_hal.o
 .ARM.attributes
                0x0000000000000177       0x34 ./Drivers/STM32F4xx_HAL_Driver/Src/stm32f4xx_hal_cortex.o
 .ARM.attributes
                0x00000000000001ab       0x34 ./Drivers/STM32F4xx_HAL_Driver/Src/stm32f4xx_hal_dma.o
 .ARM.attributes
                0x00000000000001df       0x34 ./Drivers/STM32F4xx_HAL_Driver/Src/stm32f4xx_hal_gpio.o
 .ARM.attributes
                0x0000000000000213       0x34 ./Drivers/STM32F4xx_HAL_Driver/Src/stm32f4xx_hal_i2c.o
 .ARM.attributes
                0x0000000000000247       0x34 ./Drivers/STM32F4xx_HAL_Driver/Src/stm32f4xx_hal_pcd.o
 .ARM.attributes
                0x000000000000027b       0x34 ./Drivers/STM32F4xx_HAL_Driver/Src/stm32f4xx_hal_pcd_ex.o
 .ARM.attributes
                0x00000000000002af       0x34 ./Drivers/STM32F4xx_HAL_Driver/Src/stm32f4xx_hal_rcc.o
 .ARM.attributes
                0x00000000000002e3       0x34 ./Drivers/STM32F4xx_HAL_Driver/Src/stm32f4xx_hal_rcc_ex.o
 .ARM.attributes
                0x0000000000000317       0x34 ./Drivers/STM32F4xx_HAL_Driver/Src/stm32f4xx_hal_rtc.o
 .ARM.attributes
                0x000000000000034b       0x34 ./Drivers/STM32F4xx_HAL_Driver/Src/stm32f4xx_ll_usb.o
 .ARM.attributes
                0x000000000000037f       0x34 ./Drivers/mpu6500/Src/mpu6500.o
 .ARM.attributes
                0x00000000000003b3       0x34 ./Middlewares/ST/STM32_USB_Device_Library/Class/CDC/Src/usbd_cdc.o
 .ARM.attributes
                0x00000000000003e7       0x34 ./Middlewares/ST/STM32_USB_Device_Library/Core/Src/usbd_core.o
 .ARM.attributes
                0x000000000000041b       0x34 ./Middlewares/ST/STM32_USB_Device_Library/Core/Src/usbd_ctlreq.o
 .ARM.attributes
                0x000000000000044f       0x34 ./Middlewares/ST/STM32_USB_Device_Library/Core/Src/usbd_ioreq.o
 .ARM.attributes
                0x0000000000000483       0x34 ./USB_DEVICE/App/usb_device.o
 .ARM.attributes
                0x00000000000004b7       0x34 ./USB_DEVICE/App/usbd_cdc_if.o
 .ARM.attributes
                0x00000000000004eb       0x34 ./USB_DEVICE/App/usbd_desc.o
 .ARM.attributes
                0x000000000000051f       0x34 ./USB_DEVICE/Target/usbd_conf.o
 .ARM.attributes
                0x0000000000000553       0x34 c:/st/stm32cubeide_1.10.1/stm32cubeide/plugins/com.st.stm32cube.ide.mcu.externaltools.gnu-tools-for-stm32.10.3-2021.10.win32_1.0.0.202111181127/tools/bin/../lib/gcc/arm-none-eabi/10.3.1/../../../../arm-none-eabi/lib/thumb/v7e-m+fp/hard\libc_nano.a(lib_a-init.o)
 .ARM.attributes
                0x0000000000000587       0x34 c:/st/stm32cubeide_1.10.1/stm32cubeide/plugins/com.st.stm32cube.ide.mcu.externaltools.gnu-tools-for-stm32.10.3-2021.10.win32_1.0.0.202111181127/tools/bin/../lib/gcc/arm-none-eabi/10.3.1/../../../../arm-none-eabi/lib/thumb/v7e-m+fp/hard\libc_nano.a(lib_a-memset.o)
 .ARM.attributes
                0x00000000000005bb       0x1e c:/st/stm32cubeide_1.10.1/stm32cubeide/plugins/com.st.stm32cube.ide.mcu.externaltools.gnu-tools-for-stm32.10.3-2021.10.win32_1.0.0.202111181127/tools/bin/../lib/gcc/arm-none-eabi/10.3.1/thumb/v7e-m+fp/hard\libgcc.a(_aeabi_uldivmod.o)
 .ARM.attributes
                0x00000000000005d9       0x34 c:/st/stm32cubeide_1.10.1/stm32cubeide/plugins/com.st.stm32cube.ide.mcu.externaltools.gnu-tools-for-stm32.10.3-2021.10.win32_1.0.0.202111181127/tools/bin/../lib/gcc/arm-none-eabi/10.3.1/thumb/v7e-m+fp/hard\libgcc.a(_udivmoddi4.o)
 .ARM.attributes
                0x000000000000060d       0x1e c:/st/stm32cubeide_1.10.1/stm32cubeide/plugins/com.st.stm32cube.ide.mcu.externaltools.gnu-tools-for-stm32.10.3-2021.10.win32_1.0.0.202111181127/tools/bin/../lib/gcc/arm-none-eabi/10.3.1/thumb/v7e-m+fp/hard\libgcc.a(_dvmd_tls.o)
 .ARM.attributes
                0x000000000000062b       0x1e c:/st/stm32cubeide_1.10.1/stm32cubeide/plugins/com.st.stm32cube.ide.mcu.externaltools.gnu-tools-for-stm32.10.3-2021.10.win32_1.0.0.202111181127/tools/bin/../lib/gcc/arm-none-eabi/10.3.1/thumb/v7e-m+fp/hard/crtn.o
OUTPUT(STM32F4_FPV.elf elf32-littlearm)
LOAD linker stubs
LOAD c:/st/stm32cubeide_1.10.1/stm32cubeide/plugins/com.st.stm32cube.ide.mcu.externaltools.gnu-tools-for-stm32.10.3-2021.10.win32_1.0.0.202111181127/tools/bin/../lib/gcc/arm-none-eabi/10.3.1/../../../../arm-none-eabi/lib/thumb/v7e-m+fp/hard\libc.a
LOAD c:/st/stm32cubeide_1.10.1/stm32cubeide/plugins/com.st.stm32cube.ide.mcu.externaltools.gnu-tools-for-stm32.10.3-2021.10.win32_1.0.0.202111181127/tools/bin/../lib/gcc/arm-none-eabi/10.3.1/../../../../arm-none-eabi/lib/thumb/v7e-m+fp/hard\libm.a
LOAD c:/st/stm32cubeide_1.10.1/stm32cubeide/plugins/com.st.stm32cube.ide.mcu.externaltools.gnu-tools-for-stm32.10.3-2021.10.win32_1.0.0.202111181127/tools/bin/../lib/gcc/arm-none-eabi/10.3.1/thumb/v7e-m+fp/hard\libgcc.a

.debug_info     0x0000000000000000    0x14413
 .debug_info    0x0000000000000000     0x1011 ./Core/Src/main.o
 .debug_info    0x0000000000001011     0x1078 ./Core/Src/stm32f4xx_hal_msp.o
 .debug_info    0x0000000000002089      0xbc9 ./Core/Src/stm32f4xx_it.o
 .debug_info    0x0000000000002c52      0x54f ./Core/Src/system_stm32f4xx.o
 .debug_info    0x00000000000031a1       0x22 ./Core/Startup/startup_stm32f401ccux.o
 .debug_info    0x00000000000031c3      0x906 ./Drivers/STM32F4xx_HAL_Driver/Src/stm32f4xx_hal.o
 .debug_info    0x0000000000003ac9      0xd98 ./Drivers/STM32F4xx_HAL_Driver/Src/stm32f4xx_hal_cortex.o
 .debug_info    0x0000000000004861      0x947 ./Drivers/STM32F4xx_HAL_Driver/Src/stm32f4xx_hal_dma.o
 .debug_info    0x00000000000051a8      0x78e ./Drivers/STM32F4xx_HAL_Driver/Src/stm32f4xx_hal_gpio.o
 .debug_info    0x0000000000005936     0x2647 ./Drivers/STM32F4xx_HAL_Driver/Src/stm32f4xx_hal_i2c.o
 .debug_info    0x0000000000007f7d     0x16be ./Drivers/STM32F4xx_HAL_Driver/Src/stm32f4xx_hal_pcd.o
 .debug_info    0x000000000000963b      0x72f ./Drivers/STM32F4xx_HAL_Driver/Src/stm32f4xx_hal_pcd_ex.o
 .debug_info    0x0000000000009d6a      0x98c ./Drivers/STM32F4xx_HAL_Driver/Src/stm32f4xx_hal_rcc.o
 .debug_info    0x000000000000a6f6      0x5a3 ./Drivers/STM32F4xx_HAL_Driver/Src/stm32f4xx_hal_rcc_ex.o
 .debug_info    0x000000000000ac99      0xcf0 ./Drivers/STM32F4xx_HAL_Driver/Src/stm32f4xx_hal_rtc.o
 .debug_info    0x000000000000b989     0x1b3d ./Drivers/STM32F4xx_HAL_Driver/Src/stm32f4xx_ll_usb.o
 .debug_info    0x000000000000d4c6      0x7a0 ./Drivers/mpu6500/Src/mpu6500.o
 .debug_info    0x000000000000dc66     0x1324 ./Middlewares/ST/STM32_USB_Device_Library/Class/CDC/Src/usbd_cdc.o
 .debug_info    0x000000000000ef8a      0xee7 ./Middlewares/ST/STM32_USB_Device_Library/Core/Src/usbd_core.o
 .debug_info    0x000000000000fe71      0xb7f ./Middlewares/ST/STM32_USB_Device_Library/Core/Src/usbd_ctlreq.o
 .debug_info    0x00000000000109f0      0x7da ./Middlewares/ST/STM32_USB_Device_Library/Core/Src/usbd_ioreq.o
 .debug_info    0x00000000000111ca      0x76a ./USB_DEVICE/App/usb_device.o
 .debug_info    0x0000000000011934      0x96f ./USB_DEVICE/App/usbd_cdc_if.o
 .debug_info    0x00000000000122a3      0x498 ./USB_DEVICE/App/usbd_desc.o
 .debug_info    0x000000000001273b     0x1cd8 ./USB_DEVICE/Target/usbd_conf.o

.debug_abbrev   0x0000000000000000     0x3461
 .debug_abbrev  0x0000000000000000      0x28b ./Core/Src/main.o
 .debug_abbrev  0x000000000000028b      0x1f8 ./Core/Src/stm32f4xx_hal_msp.o
 .debug_abbrev  0x0000000000000483      0x1c2 ./Core/Src/stm32f4xx_it.o
 .debug_abbrev  0x0000000000000645      0x116 ./Core/Src/system_stm32f4xx.o
 .debug_abbrev  0x000000000000075b       0x12 ./Core/Startup/startup_stm32f401ccux.o
 .debug_abbrev  0x000000000000076d      0x23e ./Drivers/STM32F4xx_HAL_Driver/Src/stm32f4xx_hal.o
 .debug_abbrev  0x00000000000009ab      0x316 ./Drivers/STM32F4xx_HAL_Driver/Src/stm32f4xx_hal_cortex.o
 .debug_abbrev  0x0000000000000cc1      0x21b ./Drivers/STM32F4xx_HAL_Driver/Src/stm32f4xx_hal_dma.o
 .debug_abbrev  0x0000000000000edc      0x1c4 ./Drivers/STM32F4xx_HAL_Driver/Src/stm32f4xx_hal_gpio.o
 .debug_abbrev  0x00000000000010a0      0x2a8 ./Drivers/STM32F4xx_HAL_Driver/Src/stm32f4xx_hal_i2c.o
 .debug_abbrev  0x0000000000001348      0x2a4 ./Drivers/STM32F4xx_HAL_Driver/Src/stm32f4xx_hal_pcd.o
 .debug_abbrev  0x00000000000015ec      0x1ce ./Drivers/STM32F4xx_HAL_Driver/Src/stm32f4xx_hal_pcd_ex.o
 .debug_abbrev  0x00000000000017ba      0x2aa ./Drivers/STM32F4xx_HAL_Driver/Src/stm32f4xx_hal_rcc.o
 .debug_abbrev  0x0000000000001a64      0x1a8 ./Drivers/STM32F4xx_HAL_Driver/Src/stm32f4xx_hal_rcc_ex.o
 .debug_abbrev  0x0000000000001c0c      0x1f1 ./Drivers/STM32F4xx_HAL_Driver/Src/stm32f4xx_hal_rtc.o
 .debug_abbrev  0x0000000000001dfd      0x29d ./Drivers/STM32F4xx_HAL_Driver/Src/stm32f4xx_ll_usb.o
 .debug_abbrev  0x000000000000209a      0x1a1 ./Drivers/mpu6500/Src/mpu6500.o
 .debug_abbrev  0x000000000000223b      0x2be ./Middlewares/ST/STM32_USB_Device_Library/Class/CDC/Src/usbd_cdc.o
 .debug_abbrev  0x00000000000024f9      0x263 ./Middlewares/ST/STM32_USB_Device_Library/Core/Src/usbd_core.o
 .debug_abbrev  0x000000000000275c      0x25c ./Middlewares/ST/STM32_USB_Device_Library/Core/Src/usbd_ctlreq.o
 .debug_abbrev  0x00000000000029b8      0x18a ./Middlewares/ST/STM32_USB_Device_Library/Core/Src/usbd_ioreq.o
 .debug_abbrev  0x0000000000002b42      0x18a ./USB_DEVICE/App/usb_device.o
 .debug_abbrev  0x0000000000002ccc      0x290 ./USB_DEVICE/App/usbd_cdc_if.o
 .debug_abbrev  0x0000000000002f5c      0x1da ./USB_DEVICE/App/usbd_desc.o
 .debug_abbrev  0x0000000000003136      0x32b ./USB_DEVICE/Target/usbd_conf.o

.debug_aranges  0x0000000000000000     0x1020
 .debug_aranges
                0x0000000000000000       0x48 ./Core/Src/main.o
 .debug_aranges
                0x0000000000000048       0x40 ./Core/Src/stm32f4xx_hal_msp.o
 .debug_aranges
                0x0000000000000088       0x78 ./Core/Src/stm32f4xx_it.o
 .debug_aranges
                0x0000000000000100       0x28 ./Core/Src/system_stm32f4xx.o
 .debug_aranges
                0x0000000000000128       0x28 ./Core/Startup/startup_stm32f401ccux.o
 .debug_aranges
                0x0000000000000150       0xf0 ./Drivers/STM32F4xx_HAL_Driver/Src/stm32f4xx_hal.o
 .debug_aranges
                0x0000000000000240      0x120 ./Drivers/STM32F4xx_HAL_Driver/Src/stm32f4xx_hal_cortex.o
 .debug_aranges
                0x0000000000000360       0x90 ./Drivers/STM32F4xx_HAL_Driver/Src/stm32f4xx_hal_dma.o
 .debug_aranges
                0x00000000000003f0       0x58 ./Drivers/STM32F4xx_HAL_Driver/Src/stm32f4xx_hal_gpio.o
 .debug_aranges
                0x0000000000000448      0x2a8 ./Drivers/STM32F4xx_HAL_Driver/Src/stm32f4xx_hal_i2c.o
 .debug_aranges
                0x00000000000006f0      0x148 ./Drivers/STM32F4xx_HAL_Driver/Src/stm32f4xx_hal_pcd.o
 .debug_aranges
                0x0000000000000838       0x38 ./Drivers/STM32F4xx_HAL_Driver/Src/stm32f4xx_hal_pcd_ex.o
 .debug_aranges
                0x0000000000000870       0x88 ./Drivers/STM32F4xx_HAL_Driver/Src/stm32f4xx_hal_rcc.o
 .debug_aranges
                0x00000000000008f8       0x48 ./Drivers/STM32F4xx_HAL_Driver/Src/stm32f4xx_hal_rcc_ex.o
 .debug_aranges
                0x0000000000000940       0xe8 ./Drivers/STM32F4xx_HAL_Driver/Src/stm32f4xx_hal_rtc.o
 .debug_aranges
                0x0000000000000a28      0x1a0 ./Drivers/STM32F4xx_HAL_Driver/Src/stm32f4xx_ll_usb.o
 .debug_aranges
                0x0000000000000bc8       0x38 ./Drivers/mpu6500/Src/mpu6500.o
 .debug_aranges
                0x0000000000000c00       0x90 ./Middlewares/ST/STM32_USB_Device_Library/Class/CDC/Src/usbd_cdc.o
 .debug_aranges
                0x0000000000000c90       0xd8 ./Middlewares/ST/STM32_USB_Device_Library/Core/Src/usbd_core.o
 .debug_aranges
                0x0000000000000d68       0x90 ./Middlewares/ST/STM32_USB_Device_Library/Core/Src/usbd_ctlreq.o
 .debug_aranges
                0x0000000000000df8       0x50 ./Middlewares/ST/STM32_USB_Device_Library/Core/Src/usbd_ioreq.o
 .debug_aranges
                0x0000000000000e48       0x20 ./USB_DEVICE/App/usb_device.o
 .debug_aranges
                0x0000000000000e68       0x48 ./USB_DEVICE/App/usbd_cdc_if.o
 .debug_aranges
                0x0000000000000eb0       0x60 ./USB_DEVICE/App/usbd_desc.o
 .debug_aranges
                0x0000000000000f10      0x110 ./USB_DEVICE/Target/usbd_conf.o

.debug_ranges   0x0000000000000000      0xeb0
 .debug_ranges  0x0000000000000000       0x38 ./Core/Src/main.o
 .debug_ranges  0x0000000000000038       0x30 ./Core/Src/stm32f4xx_hal_msp.o
 .debug_ranges  0x0000000000000068       0x68 ./Core/Src/stm32f4xx_it.o
 .debug_ranges  0x00000000000000d0       0x18 ./Core/Src/system_stm32f4xx.o
 .debug_ranges  0x00000000000000e8       0x20 ./Core/Startup/startup_stm32f401ccux.o
 .debug_ranges  0x0000000000000108       0xe0 ./Drivers/STM32F4xx_HAL_Driver/Src/stm32f4xx_hal.o
 .debug_ranges  0x00000000000001e8      0x110 ./Drivers/STM32F4xx_HAL_Driver/Src/stm32f4xx_hal_cortex.o
 .debug_ranges  0x00000000000002f8       0x80 ./Drivers/STM32F4xx_HAL_Driver/Src/stm32f4xx_hal_dma.o
 .debug_ranges  0x0000000000000378       0x48 ./Drivers/STM32F4xx_HAL_Driver/Src/stm32f4xx_hal_gpio.o
 .debug_ranges  0x00000000000003c0      0x2b0 ./Drivers/STM32F4xx_HAL_Driver/Src/stm32f4xx_hal_i2c.o
 .debug_ranges  0x0000000000000670      0x138 ./Drivers/STM32F4xx_HAL_Driver/Src/stm32f4xx_hal_pcd.o
 .debug_ranges  0x00000000000007a8       0x28 ./Drivers/STM32F4xx_HAL_Driver/Src/stm32f4xx_hal_pcd_ex.o
 .debug_ranges  0x00000000000007d0       0x78 ./Drivers/STM32F4xx_HAL_Driver/Src/stm32f4xx_hal_rcc.o
 .debug_ranges  0x0000000000000848       0x38 ./Drivers/STM32F4xx_HAL_Driver/Src/stm32f4xx_hal_rcc_ex.o
 .debug_ranges  0x0000000000000880       0xd8 ./Drivers/STM32F4xx_HAL_Driver/Src/stm32f4xx_hal_rtc.o
 .debug_ranges  0x0000000000000958      0x190 ./Drivers/STM32F4xx_HAL_Driver/Src/stm32f4xx_ll_usb.o
 .debug_ranges  0x0000000000000ae8       0x28 ./Drivers/mpu6500/Src/mpu6500.o
 .debug_ranges  0x0000000000000b10       0x80 ./Middlewares/ST/STM32_USB_Device_Library/Class/CDC/Src/usbd_cdc.o
 .debug_ranges  0x0000000000000b90       0xc8 ./Middlewares/ST/STM32_USB_Device_Library/Core/Src/usbd_core.o
 .debug_ranges  0x0000000000000c58       0x80 ./Middlewares/ST/STM32_USB_Device_Library/Core/Src/usbd_ctlreq.o
 .debug_ranges  0x0000000000000cd8       0x40 ./Middlewares/ST/STM32_USB_Device_Library/Core/Src/usbd_ioreq.o
 .debug_ranges  0x0000000000000d18       0x10 ./USB_DEVICE/App/usb_device.o
 .debug_ranges  0x0000000000000d28       0x38 ./USB_DEVICE/App/usbd_cdc_if.o
 .debug_ranges  0x0000000000000d60       0x50 ./USB_DEVICE/App/usbd_desc.o
 .debug_ranges  0x0000000000000db0      0x100 ./USB_DEVICE/Target/usbd_conf.o

.debug_macro    0x0000000000000000    0x199a2
 .debug_macro   0x0000000000000000      0x44e ./Core/Src/main.o
 .debug_macro   0x000000000000044e      0xa78 ./Core/Src/main.o
 .debug_macro   0x0000000000000ec6      0x2a1 ./Core/Src/main.o
 .debug_macro   0x0000000000001167       0x2e ./Core/Src/main.o
 .debug_macro   0x0000000000001195       0x28 ./Core/Src/main.o
 .debug_macro   0x00000000000011bd       0x22 ./Core/Src/main.o
 .debug_macro   0x00000000000011df       0x8e ./Core/Src/main.o
 .debug_macro   0x000000000000126d       0x51 ./Core/Src/main.o
 .debug_macro   0x00000000000012be      0x103 ./Core/Src/main.o
 .debug_macro   0x00000000000013c1       0x6a ./Core/Src/main.o
 .debug_macro   0x000000000000142b      0x1df ./Core/Src/main.o
 .debug_macro   0x000000000000160a       0x1c ./Core/Src/main.o
 .debug_macro   0x0000000000001626       0x22 ./Core/Src/main.o
 .debug_macro   0x0000000000001648       0xfb ./Core/Src/main.o
 .debug_macro   0x0000000000001743     0x1011 ./Core/Src/main.o
 .debug_macro   0x0000000000002754      0x11f ./Core/Src/main.o
 .debug_macro   0x0000000000002873     0xb86c ./Core/Src/main.o
 .debug_macro   0x000000000000e0df       0x6d ./Core/Src/main.o
 .debug_macro   0x000000000000e14c     0x368c ./Core/Src/main.o
 .debug_macro   0x00000000000117d8      0x174 ./Core/Src/main.o
 .debug_macro   0x000000000001194c       0x5c ./Core/Src/main.o
 .debug_macro   0x00000000000119a8      0x416 ./Core/Src/main.o
 .debug_macro   0x0000000000011dbe      0x9e9 ./Core/Src/main.o
 .debug_macro   0x00000000000127a7      0x115 ./Core/Src/main.o
 .debug_macro   0x00000000000128bc       0xf8 ./Core/Src/main.o
 .debug_macro   0x00000000000129b4       0xa5 ./Core/Src/main.o
 .debug_macro   0x0000000000012a59      0x15f ./Core/Src/main.o
 .debug_macro   0x0000000000012bb8      0x287 ./Core/Src/main.o
 .debug_macro   0x0000000000012e3f       0x5f ./Core/Src/main.o
 .debug_macro   0x0000000000012e9e      0x236 ./Core/Src/main.o
 .debug_macro   0x00000000000130d4      0x132 ./Core/Src/main.o
 .debug_macro   0x0000000000013206      0x23a ./Core/Src/main.o
 .debug_macro   0x0000000000013440       0x2e ./Core/Src/main.o
 .debug_macro   0x000000000001346e      0x1b5 ./Core/Src/main.o
 .debug_macro   0x0000000000013623       0x22 ./Core/Src/main.o
 .debug_macro   0x0000000000013645       0xd6 ./Core/Src/main.o
 .debug_macro   0x000000000001371b      0x127 ./Core/Src/main.o
 .debug_macro   0x0000000000013842       0x85 ./Core/Src/main.o
 .debug_macro   0x00000000000138c7       0x89 ./Core/Src/main.o
 .debug_macro   0x0000000000013950      0x305 ./Core/Src/main.o
 .debug_macro   0x0000000000013c55      0x429 ./Core/Src/main.o
 .debug_macro   0x000000000001407e       0xeb ./Core/Src/main.o
 .debug_macro   0x0000000000014169      0x293 ./Core/Src/main.o
 .debug_macro   0x00000000000143fc       0xba ./Core/Src/main.o
 .debug_macro   0x00000000000144b6      0x126 ./Core/Src/main.o
 .debug_macro   0x00000000000145dc       0x52 ./Core/Src/main.o
 .debug_macro   0x000000000001462e       0x1e ./Core/Src/main.o
 .debug_macro   0x000000000001464c       0x3c ./Core/Src/main.o
 .debug_macro   0x0000000000014688       0x34 ./Core/Src/main.o
 .debug_macro   0x00000000000146bc       0x16 ./Core/Src/main.o
 .debug_macro   0x00000000000146d2       0x35 ./Core/Src/main.o
 .debug_macro   0x0000000000014707      0x341 ./Core/Src/main.o
 .debug_macro   0x0000000000014a48       0x10 ./Core/Src/main.o
 .debug_macro   0x0000000000014a58       0x16 ./Core/Src/main.o
 .debug_macro   0x0000000000014a6e       0x43 ./Core/Src/main.o
 .debug_macro   0x0000000000014ab1       0x34 ./Core/Src/main.o
 .debug_macro   0x0000000000014ae5       0x10 ./Core/Src/main.o
 .debug_macro   0x0000000000014af5       0x58 ./Core/Src/main.o
 .debug_macro   0x0000000000014b4d       0x71 ./Core/Src/main.o
 .debug_macro   0x0000000000014bbe       0x1c ./Core/Src/main.o
 .debug_macro   0x0000000000014bda      0x12a ./Core/Src/main.o
 .debug_macro   0x0000000000014d04       0x10 ./Core/Src/main.o
 .debug_macro   0x0000000000014d14       0x1c ./Core/Src/main.o
 .debug_macro   0x0000000000014d30       0x52 ./Core/Src/main.o
 .debug_macro   0x0000000000014d82       0x22 ./Core/Src/main.o
 .debug_macro   0x0000000000014da4       0x10 ./Core/Src/main.o
 .debug_macro   0x0000000000014db4       0x52 ./Core/Src/main.o
 .debug_macro   0x0000000000014e06       0xd5 ./Core/Src/main.o
 .debug_macro   0x0000000000014edb       0x1c ./Core/Src/main.o
 .debug_macro   0x0000000000014ef7       0x3d ./Core/Src/main.o
 .debug_macro   0x0000000000014f34       0x16 ./Core/Src/main.o
 .debug_macro   0x0000000000014f4a      0x145 ./Core/Src/main.o
 .debug_macro   0x000000000001508f       0x16 ./Core/Src/main.o
 .debug_macro   0x00000000000150a5       0x16 ./Core/Src/main.o
 .debug_macro   0x00000000000150bb       0x29 ./Core/Src/main.o
 .debug_macro   0x00000000000150e4       0x16 ./Core/Src/main.o
 .debug_macro   0x00000000000150fa       0x20 ./Core/Src/main.o
 .debug_macro   0x000000000001511a       0x65 ./Core/Src/main.o
 .debug_macro   0x000000000001517f      0x20f ./Core/Src/main.o
 .debug_macro   0x000000000001538e       0x95 ./Core/Src/main.o
 .debug_macro   0x0000000000015423       0x10 ./Core/Src/main.o
 .debug_macro   0x0000000000015433       0x28 ./Core/Src/main.o
 .debug_macro   0x000000000001545b      0x210 ./Core/Src/stm32f4xx_hal_msp.o
 .debug_macro   0x000000000001566b      0x21a ./Core/Src/stm32f4xx_it.o
 .debug_macro   0x0000000000015885      0x206 ./Core/Src/system_stm32f4xx.o
 .debug_macro   0x0000000000015a8b      0x266 ./Drivers/STM32F4xx_HAL_Driver/Src/stm32f4xx_hal.o
 .debug_macro   0x0000000000015cf1      0x206 ./Drivers/STM32F4xx_HAL_Driver/Src/stm32f4xx_hal_cortex.o
 .debug_macro   0x0000000000015ef7      0x20c ./Drivers/STM32F4xx_HAL_Driver/Src/stm32f4xx_hal_dma.o
 .debug_macro   0x0000000000016103      0x20c ./Drivers/STM32F4xx_HAL_Driver/Src/stm32f4xx_hal_gpio.o
 .debug_macro   0x000000000001630f      0x254 ./Drivers/STM32F4xx_HAL_Driver/Src/stm32f4xx_hal_i2c.o
 .debug_macro   0x0000000000016563      0x212 ./Drivers/STM32F4xx_HAL_Driver/Src/stm32f4xx_hal_pcd.o
 .debug_macro   0x0000000000016775      0x206 ./Drivers/STM32F4xx_HAL_Driver/Src/stm32f4xx_hal_pcd_ex.o
 .debug_macro   0x000000000001697b      0x22a ./Drivers/STM32F4xx_HAL_Driver/Src/stm32f4xx_hal_rcc.o
 .debug_macro   0x0000000000016ba5      0x206 ./Drivers/STM32F4xx_HAL_Driver/Src/stm32f4xx_hal_rcc_ex.o
 .debug_macro   0x0000000000016dab      0x207 ./Drivers/STM32F4xx_HAL_Driver/Src/stm32f4xx_hal_rtc.o
 .debug_macro   0x0000000000016fb2      0x206 ./Drivers/STM32F4xx_HAL_Driver/Src/stm32f4xx_ll_usb.o
 .debug_macro   0x00000000000171b8      0x21b ./Drivers/mpu6500/Src/mpu6500.o
 .debug_macro   0x00000000000173d3       0x22 ./Drivers/mpu6500/Src/mpu6500.o
 .debug_macro   0x00000000000173f5      0x426 ./Middlewares/ST/STM32_USB_Device_Library/Class/CDC/Src/usbd_cdc.o
 .debug_macro   0x000000000001781b       0x97 ./Middlewares/ST/STM32_USB_Device_Library/Class/CDC/Src/usbd_cdc.o
 .debug_macro   0x00000000000178b2       0xfd ./Middlewares/ST/STM32_USB_Device_Library/Class/CDC/Src/usbd_cdc.o
 .debug_macro   0x00000000000179af       0x56 ./Middlewares/ST/STM32_USB_Device_Library/Class/CDC/Src/usbd_cdc.o
 .debug_macro   0x0000000000017a05      0x40d ./Middlewares/ST/STM32_USB_Device_Library/Core/Src/usbd_core.o
 .debug_macro   0x0000000000017e12      0x215 ./Middlewares/ST/STM32_USB_Device_Library/Core/Src/usbd_core.o
 .debug_macro   0x0000000000018027      0x417 ./Middlewares/ST/STM32_USB_Device_Library/Core/Src/usbd_ctlreq.o
 .debug_macro   0x000000000001843e      0x413 ./Middlewares/ST/STM32_USB_Device_Library/Core/Src/usbd_ioreq.o
 .debug_macro   0x0000000000018851      0x44c ./USB_DEVICE/App/usb_device.o
 .debug_macro   0x0000000000018c9d       0x22 ./USB_DEVICE/App/usb_device.o
 .debug_macro   0x0000000000018cbf       0x16 ./USB_DEVICE/App/usb_device.o
 .debug_macro   0x0000000000018cd5      0x431 ./USB_DEVICE/App/usbd_cdc_if.o
 .debug_macro   0x0000000000019106      0x450 ./USB_DEVICE/App/usbd_desc.o
 .debug_macro   0x0000000000019556       0x1c ./USB_DEVICE/App/usbd_desc.o
 .debug_macro   0x0000000000019572      0x430 ./USB_DEVICE/Target/usbd_conf.o

.debug_line     0x0000000000000000    0x1620c
 .debug_line    0x0000000000000000      0xc1a ./Core/Src/main.o
 .debug_line    0x0000000000000c1a      0x7bf ./Core/Src/stm32f4xx_hal_msp.o
 .debug_line    0x00000000000013d9      0x826 ./Core/Src/stm32f4xx_it.o
 .debug_line    0x0000000000001bff      0x79d ./Core/Src/system_stm32f4xx.o
 .debug_line    0x000000000000239c       0x88 ./Core/Startup/startup_stm32f401ccux.o
 .debug_line    0x0000000000002424      0xa03 ./Drivers/STM32F4xx_HAL_Driver/Src/stm32f4xx_hal.o
 .debug_line    0x0000000000002e27      0xccf ./Drivers/STM32F4xx_HAL_Driver/Src/stm32f4xx_hal_cortex.o
 .debug_line    0x0000000000003af6      0xf67 ./Drivers/STM32F4xx_HAL_Driver/Src/stm32f4xx_hal_dma.o
 .debug_line    0x0000000000004a5d      0xb3b ./Drivers/STM32F4xx_HAL_Driver/Src/stm32f4xx_hal_gpio.o
 .debug_line    0x0000000000005598     0x3a58 ./Drivers/STM32F4xx_HAL_Driver/Src/stm32f4xx_hal_i2c.o
 .debug_line    0x0000000000008ff0     0x148d ./Drivers/STM32F4xx_HAL_Driver/Src/stm32f4xx_hal_pcd.o
 .debug_line    0x000000000000a47d      0x7e6 ./Drivers/STM32F4xx_HAL_Driver/Src/stm32f4xx_hal_pcd_ex.o
 .debug_line    0x000000000000ac63      0xd7d ./Drivers/STM32F4xx_HAL_Driver/Src/stm32f4xx_hal_rcc.o
 .debug_line    0x000000000000b9e0      0xa34 ./Drivers/STM32F4xx_HAL_Driver/Src/stm32f4xx_hal_rcc_ex.o
 .debug_line    0x000000000000c414     0x10ed ./Drivers/STM32F4xx_HAL_Driver/Src/stm32f4xx_hal_rtc.o
 .debug_line    0x000000000000d501     0x1b70 ./Drivers/STM32F4xx_HAL_Driver/Src/stm32f4xx_ll_usb.o
 .debug_line    0x000000000000f071      0x793 ./Drivers/mpu6500/Src/mpu6500.o
 .debug_line    0x000000000000f804      0xf28 ./Middlewares/ST/STM32_USB_Device_Library/Class/CDC/Src/usbd_cdc.o
 .debug_line    0x000000000001072c      0xfaa ./Middlewares/ST/STM32_USB_Device_Library/Core/Src/usbd_core.o
 .debug_line    0x00000000000116d6     0x117e ./Middlewares/ST/STM32_USB_Device_Library/Core/Src/usbd_ctlreq.o
 .debug_line    0x0000000000012854      0xac0 ./Middlewares/ST/STM32_USB_Device_Library/Core/Src/usbd_ioreq.o
 .debug_line    0x0000000000013314      0xa7c ./USB_DEVICE/App/usb_device.o
 .debug_line    0x0000000000013d90      0xadf ./USB_DEVICE/App/usbd_cdc_if.o
 .debug_line    0x000000000001486f      0xb45 ./USB_DEVICE/App/usbd_desc.o
 .debug_line    0x00000000000153b4      0xe58 ./USB_DEVICE/Target/usbd_conf.o

.debug_str      0x0000000000000000    0x8f3a4
 .debug_str     0x0000000000000000    0x8ab5b ./Core/Src/main.o
                                      0x8aeaa (size before relaxing)
 .debug_str     0x000000000008ab5b      0x562 ./Core/Src/stm32f4xx_hal_msp.o
                                      0x864d9 (size before relaxing)
 .debug_str     0x000000000008b0bd      0x4b2 ./Core/Src/stm32f4xx_it.o
                                      0x860ff (size before relaxing)
 .debug_str     0x000000000008b56f       0xdb ./Core/Src/system_stm32f4xx.o
                                      0x8592b (size before relaxing)
 .debug_str     0x000000000008b64a       0x36 ./Core/Startup/startup_stm32f401ccux.o
                                         0x4f (size before relaxing)
 .debug_str     0x000000000008b680      0x60d ./Drivers/STM32F4xx_HAL_Driver/Src/stm32f4xx_hal.o
                                      0x8634d (size before relaxing)
 .debug_str     0x000000000008bc8d      0x32e ./Drivers/STM32F4xx_HAL_Driver/Src/stm32f4xx_hal_cortex.o